Microchip MPLAB XC8 Compiler V1.34 ()

Linker command line:

--edf=C:\Program Files (x86)\Microchip\xc8\v1.34\dat\en_msgs.txt -cs \
  -h+dist/default/production\EBsmart.X.production.sym \
  --cmf=dist/default/production\EBsmart.X.production.cmf -z -Q18F4550 \
  -oC:\Users\Milton\AppData\Local\Temp\sa1g.6 \
  -Mdist/default/production/EBsmart.X.production.map -E1 -ver=XC8 \
  -ASTACK=019Dh-07ffh -pstack=STACK -ACODE=00h-07FFFh -ACONST=00h-07FFFh \
  -ASMALLCONST=0800h-08FFhx120 -AMEDIUMCONST=0800h-07FFFh -ACOMRAM=01h-05Fh \
  -AABS1=00h-07FFh -ABIGRAM=01h-07FFh -ARAM=060h-0FFh,0100h-01FFhx7 \
  -ABANK0=060h-0FFh -ABANK1=0100h-01FFh -ABANK2=0200h-02FFh \
  -ABANK3=0300h-03FFh -ABANK4=0400h-04FFh -ABANK5=0500h-05FFh \
  -ABANK6=0600h-06FFh -ABANK7=0700h-07FFh -ASFR=0F60h-0FFFh \
  -preset_vec=00h,intcode=08h,intcodelo=018h,powerup,init,end_init \
  -pramtop=0800h -psmallconst=SMALLCONST -pmediumconst=MEDIUMCONST \
  -pconst=CONST -AFARRAM=00h-00h -ACONFIG=0300000h-030000Dh -pconfig=CONFIG \
  -AIDLOC=0200000h-0200007h -pidloc=IDLOC -AEEDATA=0F00000h-0F000FFh \
  -peeprom_data=EEDATA \
  -prdata=COMRAM,nvrram=COMRAM,nvbit=COMRAM,rbss=COMRAM,rbit=COMRAM \
  -pfarbss=FARRAM,fardata=FARRAM,nvFARRAM=FARRAM \
  -pintsave_regs=BIGRAM,bigbss=BIGRAM,bigdata=BIGRAM -pbss=RAM \
  -pidata=CODE,irdata=CODE,ibigdata=CODE,ifardata=CODE -prparam=COMRAM \
  C:\Users\Milton\AppData\Local\Temp\sa1g.obj \
  dist/default/production\EBsmart.X.production.obj 

Object code version is 3.11

Machine type is 18F4550

Call graph: (short form)




                Name                               Link     Load   Length Selector   Space Scale
C:\Users\Milton\AppData\Local\Temp\sa1g.obj
                end_init                             D0       D0        4        C       0
                reset_vec                             0        0        4        0       0
                idloc                            200000   200000        8   200000       0
                config                           300000   300000        E   300000       0
dist/default/production\EBsmart.X.production.obj
                intcodelo                            18       18       B8        C       0
                intcode                               8        8       10        4       0
                text38                             48D6     48D6       DE        C       0
                text37                             4DA2     4DA2       96        C       0
                text36                             4F46     4F46       82        C       0
                text35                             4E38     4E38       8C        C       0
                text34                             5256     5256       5A        C       0
                text33                             51FA     51FA       5C        C       0
                intcode_body                       1D64     1D64      8BA        C       0
                text30                             5438     5438        8        C       0
                text29                             533E     533E       40        C       0
                text28                             52FC     52FC       42        C       0
                text27                             53EA     53EA       2A        C       0
                text26                             5042     5042       74        C       0
                text25                             5414     5414       14        C       0
                text24                             3674     3674      420        C       0
                text23                             4486     4486      1DC        C       0
                text22                             52B0     52B0       4C        C       0
                text21                             5428     5428       10        C       0
                text20                             5194     5194       66        C       0
                text19                             49B4     49B4       D8        C       0
                text18                             50B6     50B6       70        C       0
                text17                             4B5C     4B5C       CC        C       0
                text16                             3A94     3A94      394        C       0
                text15                             42A8     42A8      1DE        C       0
                text14                             47C4     47C4      112        C       0
                text13                             4A8C     4A8C       D0        C       0
                text12                             4CEE     4CEE       B4        C       0
                text11                             4C28     4C28       C6        C       0
                text10                             4FC8     4FC8       7A        C       0
                text9                              4EC4     4EC4       82        C       0
                text8                              537E     537E       38        C       0
                text7                                D4       D4     1C90        C       0
                text6                              3E28     3E28      292        C       0
                text5                              40BA     40BA      1EE        C       0
                text4                              5126     5126       6E        C       0
                text3                              261E     261E      608        C       0
                text2                              4662     4662      162        C       0
                text1                              2C26     2C26      5B0        C       0
                text0                              31D6     31D6      49E        C       0
                cstackCOMRAM                          1        1       3A        1       1
                cstackBANK0                          BF       BF       26       60       1
                cstackBANK1                         177      177       26      100       1
                bssBANK1                            100      100       77      100       1
                bssBANK0                             60       60       5F       60       1
                bssCOMRAM                            3E       3E        9        1       1
                bitbssCOMRAM                        1D8       3B       13        1       1     8
                cinit                              53B6     53B6       34        C       0
                nvBANK0                              E5       E5        1       60       1

TOTAL           Name                               Link     Load   Length     Space
        CLASS   STACK          

        CLASS   CODE           
                end_init                             D0       D0        4         0
                intcodelo                            18       18       B8         0
                intcode                               8        8       10         0
                reset_vec                             0        0        4         0
                text38                             48D6     48D6       DE         0
                text37                             4DA2     4DA2       96         0
                text36                             4F46     4F46       82         0
                text35                             4E38     4E38       8C         0
                text34                             5256     5256       5A         0
                text33                             51FA     51FA       5C         0
                intcode_body                       1D64     1D64      8BA         0
                text30                             5438     5438        8         0
                text29                             533E     533E       40         0
                text28                             52FC     52FC       42         0
                text27                             53EA     53EA       2A         0
                text26                             5042     5042       74         0
                text25                             5414     5414       14         0
                text24                             3674     3674      420         0
                text23                             4486     4486      1DC         0
                text22                             52B0     52B0       4C         0
                text21                             5428     5428       10         0
                text20                             5194     5194       66         0
                text19                             49B4     49B4       D8         0
                text18                             50B6     50B6       70         0
                text17                             4B5C     4B5C       CC         0
                text16                             3A94     3A94      394         0
                text15                             42A8     42A8      1DE         0
                text14                             47C4     47C4      112         0
                text13                             4A8C     4A8C       D0         0
                text12                             4CEE     4CEE       B4         0
                text11                             4C28     4C28       C6         0
                text10                             4FC8     4FC8       7A         0
                text9                              4EC4     4EC4       82         0
                text8                              537E     537E       38         0
                text7                                D4       D4     1C90         0
                text6                              3E28     3E28      292         0
                text5                              40BA     40BA      1EE         0
                text4                              5126     5126       6E         0
                text3                              261E     261E      608         0
                text2                              4662     4662      162         0
                text1                              2C26     2C26      5B0         0
                text0                              31D6     31D6      49E         0
                cinit                              53B6     53B6       34         0

        CLASS   CONST          

        CLASS   SMALLCONST     

        CLASS   MEDIUMCONST    

        CLASS   COMRAM         
                cstackCOMRAM                          1        1       3A         1
                bssCOMRAM                            3E       3E        9         1
                bitbssCOMRAM                        1D8       3B       13         1

        CLASS   ABS1           

        CLASS   BIGRAM         

        CLASS   RAM            

        CLASS   BANK0          
                cstackBANK0                          BF       BF       26         1
                bssBANK0                             60       60       5F         1
                nvBANK0                              E5       E5        1         1

        CLASS   BANK1          
                cstackBANK1                         177      177       26         1
                bssBANK1                            100      100       77         1

        CLASS   BANK2          

        CLASS   BANK3          

        CLASS   BANK4          

        CLASS   BANK5          

        CLASS   BANK6          

        CLASS   BANK7          

        CLASS   SFR            

        CLASS   FARRAM         

        CLASS   CONFIG         
                config                           300000   300000        E         0

        CLASS   IDLOC          
                idloc                            200000   200000        8         0

        CLASS   EEDATA         



SEGMENTS        Name                           Load    Length   Top    Selector   Space  Class

                reset_vec                      000000  000004  000004         0       0  CODE    
                cstackCOMRAM                   000001  000046  000047         1       1  COMRAM  
                intcode                        000008  000010  000018         4       0  CODE    
                intcodelo                      000018  005428  005440         C       0  CODE    
                bssBANK0                       000060  000086  0000E6        60       1  BANK0   
                bssBANK1                       000100  00009D  00019D       100       1  BANK1   
                idloc                          200000  000008  200008    200000       0  IDLOC   
                config                         300000  00000E  30000E    300000       0  CONFIG  


UNUSED ADDRESS RANGES

        Name                Unused          Largest block    Delta
        BANK0            0000E6-0000FF               1A
        BANK1            00019D-0001FF               63
        BANK2            000200-0002FF              100
        BANK3            000300-0003FF              100
        BANK4            000400-0004FF              100
        BANK5            000500-0005FF              100
        BANK6            000600-0006FF              100
        BANK7            000700-0007FF              100
        BIGRAM           000047-00005F               19
                         0000E6-0000FF               1A
                         00019D-0007FF              663
        CODE             000004-000007                4
                         005440-007FFF             2BC0
        COMRAM           000047-00005F               19
        CONST            000004-000007                4
                         005440-007FFF             2BC0
        EEDATA           F00000-F000FF              100
        MEDIUMCONST      005440-007FFF             2BC0
        RAM              0000E6-0000FF               1A
                         00019D-0007FF              100
        SFR              000F60-000FFF               A0
        SMALLCONST       005440-007FFF              100
        STACK            00019D-0007FF              663

                                  Symbol Table

?_LerDWINram                              cstackBANK0  0000DB
?_LerDWINreg                              cstackBANK0  0000DB
?___aldiv                                 cstackCOMRAM 000026
?___awdiv                                 cstackBANK0  0000D9
?___awmod                                 cstackBANK0  0000D9
?___lldiv                                 cstackBANK1  000177
?___lmul                                  cstackBANK0  0000D9
?___lwdiv                                 cstackBANK0  0000DF
?___wmul                                  cstackBANK0  0000D9
?i2___awdiv                               cstackCOMRAM 000012
?i2___awmod                               cstackCOMRAM 000012
?i2___lldiv                               cstackCOMRAM 000012
?i2___lmul                                cstackCOMRAM 00001A
?i2___lwdiv                               cstackCOMRAM 000012
AcionaValvulaMotorizada@NumValvulaErro    cstackBANK1  00018C
AcionaValvulaMotorizada@TelaAtual         cstackBANK1  00018B
AcionaValvulaMotorizada@Timeout           cstackBANK1  00018D
AcionaValvulaMotorizada@sentido           cstackBANK1  00018E
AcionaValvulaMotorizada@valvula           cstackBANK1  000189
ApagaReceitasDaEEPROM@utemp8              cstackBANK0  0000DE
AtualizaParamNoDisplay@utemp8             cstackBANK1  00018A
AtualizaReceitaNoDisplay@buffer           cstackBANK1  00018E
AtualizaReceitaNoDisplay@cont             cstackBANK1  000192
AtualizaReceitaNoDisplay@contdest         cstackBANK1  000193
AtualizaReceitaNoDisplay@receita          cstackBANK1  000191
AtualizaReceitaNoDisplay@temp             cstackBANK1  000190
DelayDWIN@cont                            cstackBANK0  0000DA
DelaySeg@cont                             cstackBANK0  0000DB
DelaySeg@tempo                            cstackBANK0  0000DA
EscreverDWINram@cont                      cstackBANK1  000188
EscreverDWINram@endereco                  cstackBANK1  000184
EscreverDWINram@valor                     cstackBANK1  000186
EscreverDWINreg@cont                      cstackBANK0  0000DE
EscreverDWINreg@endereco                  cstackBANK0  0000DD
EscreverDWINreg@valor                     cstackBANK0  0000DB
EscreverDWINtrend@cont                    cstackBANK0  0000DD
EscreverDWINtrend@valor                   cstackBANK0  0000DB
ExecutaBrassagem@MinutosEtapa             cstackBANK1  000198
ExecutaBrassagem@SegundosControleTrasfega cstackBANK1  000195
ExecutaBrassagem@temp                     cstackBANK1  000196
GravaParamConfig@utemp8                   cstackBANK0  0000DE
GravarDadosNaEEPROM@cont                  cstackBANK0  0000E3
GravarDadosNaEEPROM@receita               cstackBANK0  0000E1
GravarDadosNaEEPROM@temp                  cstackBANK0  0000E2
HighISR@AccValoresAD                      bssBANK0     000060
HighISR@CanalAD                           bssBANK0     000096
HighISR@ContMedia                         bssBANK0     000097
HighISR@Erro                              cstackCOMRAM 000036
HighISR@ErroAnterior                      bssBANK0     000080
HighISR@EstadoAD                          bssBANK0     000098
HighISR@FreeRun5ms                        bssBANK0     000099
HighISR@SomaErro                          bssBANK0     000084
HighISR@Temp16                            cstackCOMRAM 000034
HighISR@Temp8                             cstackCOMRAM 00003A
HighISR@ValoresADanteriores1              bssBANK0     000068
HighISR@ValoresADanteriores2              bssBANK0     000070
HighISR@ValoresADanteriores3              bssCOMRAM    00003E
LeDadosReceita@buffer                     cstackBANK1  000186
LeDadosReceita@utemp8                     cstackBANK1  000188
LerDWINram@VPrecebido                     cstackBANK0  0000DD
LerDWINram@cont                           cstackBANK0  0000DF
LerDWINram@endereco                       cstackBANK0  0000DB
LerDWINreg@cont                           cstackBANK0  0000DF
LerDWINreg@endereco                       cstackBANK0  0000DD
LerDWINreg@recebido                       cstackBANK0  0000DE
LowISR@Indice                             bssCOMRAM    000046
ModoManual@temp                           bssBANK0     000090
Read_b_eep@badd                           cstackBANK0  0000D9
Write_b_eep@GIE_BIT_VAL                   cstackBANK0  0000DC
Write_b_eep@badd                          cstackBANK0  0000D9
Write_b_eep@bdat                          cstackBANK0  0000DB
_ADCON0                                   (abs)        000FC2
_ADCON0bits                               (abs)        000FC2
_ADCON1                                   (abs)        000FC1
_ADCON2                                   (abs)        000FC0
_ADRESH                                   (abs)        000FC4
_ADRESL                                   (abs)        000FC3
_AcionaValvulaMotorizada                  text16       003A94
_ApagaReceitasDaEEPROM                    text28       0052FC
_AtualizaParamNoDisplay                   text24       003674
_AtualizaReceitaNoDisplay                 text23       004486
_AtualizaRegressivo                       bitbssCOMRAM 0001D8
_AtualizaValoresTela                      bitbssCOMRAM 0001D9
_BAUDCONbits                              (abs)        000FB8
_Bipar                                    text21       005428
_Busy_eep                                 text30       005438
_CCP2CON                                  (abs)        000FBA
_CCPR2L                                   (abs)        000FBB
_CMCON                                    (abs)        000FB4
_ContDecSeg                               bssBANK0     00009A
_ControlePotenciaFervura                  bitbssCOMRAM 0001DA
_DelayDWIN                                text27       0053EA
_DelaySeg                                 text22       0052B0
_EEADR                                    (abs)        000FA9
_EECON1bits                               (abs)        000FA6
_EECON2                                   (abs)        000FA7
_EEDATA                                   (abs)        000FA8
_EnviaDadoTrend                           bitbssCOMRAM 0001DB
_EscreverDWINram                          text26       005042
_EscreverDWINreg                          text18       0050B6
_EscreverDWINtrend                        text20       005194
_EstadoBomba                              bssBANK0     00009B
_EstadoBrassagem                          bssBANK0     00009C
_EstadoPrincipal                          bssBANK0     00009D
_ExecutaBrassagem                         text7        0000D4
_GravaParamConfig                         text6        003E28
_GravarDadosNaEEPROM                      text5        0040BA
_HighISR                                  intcode      000008
_HorasRegressivo                          bssBANK0     00009E
_INTCON2bits                              (abs)        000FF1
_INTCONbits                               (abs)        000FF2
_IPR1bits                                 (abs)        000F9F
_Inicializacao                            text4        005126
_Inputs10to17                             bssBANK0     00009F
_Inputs18to25                             bssBANK0     0000A0
_Inputs2to9                               bssBANK0     0000A1
_IntensidadeFervura                       bssBANK0     0000A2
_KD                                       bssBANK0     0000A3
_KI                                       bssBANK0     0000A4
_KP                                       bssBANK0     0000A5
_KPressao                                 bssBANK0     0000A6
_LeDadosReceita                           text3        00261E
_LeParamConfig                            text2        004662
_LerDWINram                               text19       0049B4
_LerDWINreg                               text17       004B5C
_LowISR                                   intcodelo    000018
_Minutos                                  bssBANK0     0000A7
_MinutosBomba                             bssBANK0     0000A8
_MinutosRegressivo                        bssBANK0     0000A9
_ModoManual                               text1        002C26
_MudancaSegundos                          bitbssCOMRAM 0001DC
_OffsetAD0                                bssBANK0     0000AA
_OffsetAD1                                bssBANK0     0000AB
_OffsetAD2                                bssBANK0     0000AC
_OffsetPressao                            bssBANK0     0000AD
_OnOffControleTemp                        bitbssCOMRAM 0001DD
_OnOffControleTempCentral                 bitbssCOMRAM 0001DE
_Outputs10to17                            bssBANK0     0000AE
_Outputs2to9                              bssBANK0     0000AF
_PIE1bits                                 (abs)        000F9D
_PIR1bits                                 (abs)        000F9E
_PORTA                                    (abs)        000F80
_PORTB                                    (abs)        000F81
_PORTBbits                                (abs)        000F81
_PORTC                                    (abs)        000F82
_PORTD                                    (abs)        000F83
_PORTE                                    (abs)        000F84
_PR2                                      (abs)        000FCB
_PWMpanela                                nvBANK0      0000E5
_PorcentagemBombaSparging                 bssBANK0     0000B0
_PressaommCA                              bssBANK0     000088
_RCONbits                                 (abs)        000FD0
_RCREG                                    (abs)        000FAE
_RCSTAbits                                (abs)        000FAB
_Read_b_eep                               text25       005414
_ReceitaAtual                             bssBANK1     000150
_ReceitaCarregada                         bitbssCOMRAM 0001DF
_ResetaSaidas                             text15       0042A8
_RotacaoBombaAtual                        bssBANK0     0000B1
_SPBRG                                    (abs)        000FAF
_SPBRGH                                   (abs)        000FB0
_Segundos                                 bssBANK0     0000B2
_SegundosRegressivo                       bssBANK0     0000B3
_SerialIn                                 bssBANK1     000100
_SerialOut                                bssBANK1     000128
_SetPointTempPanela                       bssBANK0     0000B4
_StatusY2                                 bitbssCOMRAM 0001E0
_StatusY3                                 bitbssCOMRAM 0001E1
_StatusY4                                 bitbssCOMRAM 0001E2
_StatusY5                                 bitbssCOMRAM 0001E3
_StatusY6                                 bitbssCOMRAM 0001E4
_StatusY7                                 bitbssCOMRAM 0001E5
_StatusY8                                 bitbssCOMRAM 0001E6
_StatusY9                                 bitbssCOMRAM 0001E7
_T0CON                                    (abs)        000FD5
_T2CON                                    (abs)        000FCA
_TAmostragemPID                           bssBANK0     000092
_TMR0L                                    (abs)        000FD6
_TRISA                                    (abs)        000F92
_TRISB                                    (abs)        000F93
_TRISC                                    (abs)        000F94
_TRISD                                    (abs)        000F95
_TRISE                                    (abs)        000F96
_TXREG                                    (abs)        000FAD
_TXSTAbits                                (abs)        000FAC
_TempPanelaOK                             bitbssCOMRAM 0001E8
_TempUInt                                 bssBANK0     000094
_TemperaturaMaxTrasfega                   bssBANK0     0000B5
_TemperaturaSparging                      bssBANK0     0000BE
_TemperaturaSpargingManual                bssBANK0     0000B6
_TempoWhirlpool                           bssBANK0     0000B7
_TimeOutDWIN                              bssBANK0     0000B8
_ToffBomba                                bssBANK0     0000B9
_TonBomba                                 bssBANK0     0000BA
_TotalHoras                               bssBANK0     0000BB
_TotalMinutos                             bssBANK0     0000BC
_TotalSegundos                            bssBANK0     0000BD
_TransmiteSerial                          bitbssCOMRAM 0001E9
_ValoresAD                                bssBANK0     000078
_VerificaFalha                            text14       0047C4
_Write_b_eep                              text29       00533E
__CFG_BOR$OFF                             (abs)        000000
__CFG_BORV$3                              (abs)        000000
__CFG_CCP2MX$OFF                          (abs)        000000
__CFG_CP0$OFF                             (abs)        000000
__CFG_CP1$OFF                             (abs)        000000
__CFG_CP2$OFF                             (abs)        000000
__CFG_CP3$OFF                             (abs)        000000
__CFG_CPB$OFF                             (abs)        000000
__CFG_CPD$OFF                             (abs)        000000
__CFG_CPUDIV$OSC1_PLL2                    (abs)        000000
__CFG_EBTR0$OFF                           (abs)        000000
__CFG_EBTR1$OFF                           (abs)        000000
__CFG_EBTR2$OFF                           (abs)        000000
__CFG_EBTR3$OFF                           (abs)        000000
__CFG_EBTRB$OFF                           (abs)        000000
__CFG_FCMEN$OFF                           (abs)        000000
__CFG_FOSC$HS                             (abs)        000000
__CFG_IESO$OFF                            (abs)        000000
__CFG_LPT1OSC$OFF                         (abs)        000000
__CFG_LVP$OFF                             (abs)        000000
__CFG_MCLRE$ON                            (abs)        000000
__CFG_PBADEN$OFF                          (abs)        000000
__CFG_PLLDIV$1                            (abs)        000000
__CFG_PWRT$OFF                            (abs)        000000
__CFG_STVREN$OFF                          (abs)        000000
__CFG_USBDIV$1                            (abs)        000000
__CFG_VREGEN$OFF                          (abs)        000000
__CFG_WDT$OFF                             (abs)        000000
__CFG_WDTPS$32768                         (abs)        000000
__CFG_WRT0$OFF                            (abs)        000000
__CFG_WRT1$OFF                            (abs)        000000
__CFG_WRT2$OFF                            (abs)        000000
__CFG_WRT3$OFF                            (abs)        000000
__CFG_WRTB$OFF                            (abs)        000000
__CFG_WRTC$OFF                            (abs)        000000
__CFG_WRTD$OFF                            (abs)        000000
__CFG_XINST$OFF                           (abs)        000000
__HRAM                                    (abs)        000000
__Habs1                                   abs1         000000
__Hbank0                                  bank0        000000
__Hbank1                                  bank1        000000
__Hbank2                                  bank2        000000
__Hbank3                                  bank3        000000
__Hbank4                                  bank4        000000
__Hbank5                                  bank5        000000
__Hbank6                                  bank6        000000
__Hbank7                                  bank7        000000
__Hbigbss                                 bigbss       000000
__Hbigdata                                bigdata      000000
__Hbigram                                 bigram       000000
__HbitbssCOMRAM                           bitbssCOMRAM 000000
__Hbss                                    bss          000000
__HbssBANK0                               bssBANK0     000000
__HbssBANK1                               bssBANK1     000000
__HbssCOMRAM                              bssCOMRAM    000000
__Hcinit                                  cinit        000000
__Hclrtext                                clrtext      000000
__Hcomram                                 comram       000000
__Hconfig                                 config       30000E
__Hconst                                  const        000000
__HcstackBANK0                            cstackBANK0  000000
__HcstackBANK1                            cstackBANK1  000000
__HcstackCOMRAM                           cstackCOMRAM 000000
__Hdata                                   data         000000
__Heeprom_data                            eeprom_data  000000
__Hend_init                               end_init     0000D4
__Hfarbss                                 farbss       000000
__Hfardata                                fardata      000000
__Hibigdata                               ibigdata     000000
__Hidata                                  idata        000000
__Hidloc                                  idloc        200008
__Hifardata                               ifardata     000000
__Hinit                                   init         0000D0
__Hintcode                                intcode      000018
__Hintcode_body                           intcode_body 000000
__Hintcodelo                              intcodelo    0000D0
__Hintentry                               intentry     000000
__Hintret                                 intret       000000
__Hintsave_regs                           intsave_regs 000000
__Hirdata                                 irdata       000000
__Hmediumconst                            mediumconst  000000
__HnvBANK0                                nvBANK0      000000
__HnvFARRAM                               nvFARRAM     000000
__Hnvbit                                  nvbit        000000
__Hnvrram                                 nvrram       000000
__Hparam                                  rparam       000000
__Hpowerup                                powerup      0000D0
__Hram                                    ram          000000
__Hramtop                                 ramtop       000800
__Hrbit                                   rbit         000000
__Hrbss                                   rbss         000000
__Hrdata                                  rdata        000000
__Hreset_vec                              reset_vec    000004
__Hrparam                                 rparam       000000
__Hsfr                                    sfr          000000
__Hsmallconst                             smallconst   000000
__Hspace_0                                (abs)        30000E
__Hspace_1                                (abs)        0001EB
__Hspace_2                                (abs)        000000
__Hstack                                  stack        000000
__Hstruct                                 struct       000000
__Htemp                                   temp         000000
__Htext                                   text         000000
__Htext0                                  text0        000000
__Htext1                                  text1        000000
__Htext10                                 text10       000000
__Htext11                                 text11       000000
__Htext12                                 text12       000000
__Htext13                                 text13       000000
__Htext14                                 text14       000000
__Htext15                                 text15       000000
__Htext16                                 text16       000000
__Htext17                                 text17       000000
__Htext18                                 text18       000000
__Htext19                                 text19       000000
__Htext2                                  text2        000000
__Htext20                                 text20       000000
__Htext21                                 text21       000000
__Htext22                                 text22       000000
__Htext23                                 text23       000000
__Htext24                                 text24       000000
__Htext25                                 text25       000000
__Htext26                                 text26       000000
__Htext27                                 text27       000000
__Htext28                                 text28       000000
__Htext29                                 text29       000000
__Htext3                                  text3        000000
__Htext30                                 text30       000000
__Htext33                                 text33       000000
__Htext34                                 text34       000000
__Htext35                                 text35       000000
__Htext36                                 text36       000000
__Htext37                                 text37       000000
__Htext38                                 text38       000000
__Htext4                                  text4        000000
__Htext5                                  text5        000000
__Htext6                                  text6        000000
__Htext7                                  text7        000000
__Htext8                                  text8        000000
__Htext9                                  text9        000000
__LRAM                                    (abs)        000001
__Labs1                                   abs1         000000
__Lbank0                                  bank0        000000
__Lbank1                                  bank1        000000
__Lbank2                                  bank2        000000
__Lbank3                                  bank3        000000
__Lbank4                                  bank4        000000
__Lbank5                                  bank5        000000
__Lbank6                                  bank6        000000
__Lbank7                                  bank7        000000
__Lbigbss                                 bigbss       000000
__Lbigdata                                bigdata      000000
__Lbigram                                 bigram       000000
__LbitbssCOMRAM                           bitbssCOMRAM 000000
__Lbss                                    bss          000000
__LbssBANK0                               bssBANK0     000000
__LbssBANK1                               bssBANK1     000000
__LbssCOMRAM                              bssCOMRAM    000000
__Lcinit                                  cinit        000000
__Lclrtext                                clrtext      000000
__Lcomram                                 comram       000000
__Lconfig                                 config       300000
__Lconst                                  const        000000
__LcstackBANK0                            cstackBANK0  000000
__LcstackBANK1                            cstackBANK1  000000
__LcstackCOMRAM                           cstackCOMRAM 000000
__Ldata                                   data         000000
__Leeprom_data                            eeprom_data  000000
__Lend_init                               end_init     0000D0
__Lfarbss                                 farbss       000000
__Lfardata                                fardata      000000
__Libigdata                               ibigdata     000000
__Lidata                                  idata        000000
__Lidloc                                  idloc        200000
__Lifardata                               ifardata     000000
__Linit                                   init         0000D0
__Lintcode                                intcode      000008
__Lintcode_body                           intcode_body 000000
__Lintcodelo                              intcodelo    000018
__Lintentry                               intentry     000000
__Lintret                                 intret       000000
__Lintsave_regs                           intsave_regs 000000
__Lirdata                                 irdata       000000
__Lmediumconst                            mediumconst  000000
__LnvBANK0                                nvBANK0      000000
__LnvFARRAM                               nvFARRAM     000000
__Lnvbit                                  nvbit        000000
__Lnvrram                                 nvrram       000000
__Lparam                                  rparam       000000
__Lpowerup                                powerup      0000D0
__Lram                                    ram          000000
__Lramtop                                 ramtop       000800
__Lrbit                                   rbit         000000
__Lrbss                                   rbss         000000
__Lrdata                                  rdata        000000
__Lreset_vec                              reset_vec    000000
__Lrparam                                 rparam       000000
__Lsfr                                    sfr          000000
__Lsmallconst                             smallconst   000000
__Lspace_0                                (abs)        000000
__Lspace_1                                (abs)        000000
__Lspace_2                                (abs)        000000
__Lstack                                  stack        000000
__Lstruct                                 struct       000000
__Ltemp                                   temp         000000
__Ltext                                   text         000000
__Ltext0                                  text0        000000
__Ltext1                                  text1        000000
__Ltext10                                 text10       000000
__Ltext11                                 text11       000000
__Ltext12                                 text12       000000
__Ltext13                                 text13       000000
__Ltext14                                 text14       000000
__Ltext15                                 text15       000000
__Ltext16                                 text16       000000
__Ltext17                                 text17       000000
__Ltext18                                 text18       000000
__Ltext19                                 text19       000000
__Ltext2                                  text2        000000
__Ltext20                                 text20       000000
__Ltext21                                 text21       000000
__Ltext22                                 text22       000000
__Ltext23                                 text23       000000
__Ltext24                                 text24       000000
__Ltext25                                 text25       000000
__Ltext26                                 text26       000000
__Ltext27                                 text27       000000
__Ltext28                                 text28       000000
__Ltext29                                 text29       000000
__Ltext3                                  text3        000000
__Ltext30                                 text30       000000
__Ltext33                                 text33       000000
__Ltext34                                 text34       000000
__Ltext35                                 text35       000000
__Ltext36                                 text36       000000
__Ltext37                                 text37       000000
__Ltext38                                 text38       000000
__Ltext4                                  text4        000000
__Ltext5                                  text5        000000
__Ltext6                                  text6        000000
__Ltext7                                  text7        000000
__Ltext8                                  text8        000000
__Ltext9                                  text9        000000
__S0                                      (abs)        30000E
__S1                                      (abs)        00019D
__S2                                      (abs)        000000
___aldiv                                  text38       0048D6
___aldiv@counter                          cstackCOMRAM 00002E
___aldiv@dividend                         cstackCOMRAM 000026
___aldiv@divisor                          cstackCOMRAM 00002A
___aldiv@quotient                         cstackCOMRAM 000030
___aldiv@sign                             cstackCOMRAM 00002F
___awdiv                                  text13       004A8C
___awdiv@counter                          cstackBANK0  0000DD
___awdiv@dividend                         cstackBANK0  0000D9
___awdiv@divisor                          cstackBANK0  0000DB
___awdiv@quotient                         cstackBANK0  0000DF
___awdiv@sign                             cstackBANK0  0000DE
___awmod                                  text12       004CEE
___awmod@counter                          cstackBANK0  0000DD
___awmod@dividend                         cstackBANK0  0000D9
___awmod@divisor                          cstackBANK0  0000DB
___awmod@sign                             cstackBANK0  0000DE
___inthi_sp                               stack        000000
___intlo_sp                               stack        000000
___lldiv                                  text11       004C28
___lldiv@counter                          cstackBANK1  000183
___lldiv@dividend                         cstackBANK1  000177
___lldiv@divisor                          cstackBANK1  00017B
___lldiv@quotient                         cstackBANK1  00017F
___lmul                                   text10       004FC8
___lmul@multiplicand                      cstackBANK0  0000DD
___lmul@multiplier                        cstackBANK0  0000D9
___lmul@product                           cstackBANK0  0000E1
___lwdiv                                  text9        004EC4
___lwdiv@counter                          cstackBANK1  000177
___lwdiv@dividend                         cstackBANK0  0000DF
___lwdiv@divisor                          cstackBANK0  0000E1
___lwdiv@quotient                         cstackBANK1  000178
___param_bank                             (abs)        000010
___rparam_used                            (abs)        000001
___sp                                     stack        000000
___wmul                                   text8        00537E
___wmul@multiplicand                      cstackBANK0  0000DB
___wmul@multiplier                        cstackBANK0  0000D9
___wmul@product                           cstackBANK0  0000DD
__accesstop                               (abs)        000060
__activetblptr                            (abs)        000002
__end_of_AcionaValvulaMotorizada          text16       003E28
__end_of_ApagaReceitasDaEEPROM            text28       00533E
__end_of_AtualizaParamNoDisplay           text24       003A94
__end_of_AtualizaReceitaNoDisplay         text23       004662
__end_of_Bipar                            text21       005438
__end_of_Busy_eep                         text30       005440
__end_of_DelayDWIN                        text27       005414
__end_of_DelaySeg                         text22       0052FC
__end_of_EscreverDWINram                  text26       0050B6
__end_of_EscreverDWINreg                  text18       005126
__end_of_EscreverDWINtrend                text20       0051FA
__end_of_ExecutaBrassagem                 text7        001D64
__end_of_GravaParamConfig                 text6        0040BA
__end_of_GravarDadosNaEEPROM              text5        0042A8
__end_of_HighISR                          intcode_body 00261E
__end_of_Inicializacao                    text4        005194
__end_of_LeDadosReceita                   text3        002C26
__end_of_LeParamConfig                    text2        0047C4
__end_of_LerDWINram                       text19       004A8C
__end_of_LerDWINreg                       text17       004C28
__end_of_LowISR                           intcodelo    0000D0
__end_of_ModoManual                       text1        0031D6
__end_of_Read_b_eep                       text25       005428
__end_of_ResetaSaidas                     text15       004486
__end_of_VerificaFalha                    text14       0048D6
__end_of_Write_b_eep                      text29       00537E
__end_of___aldiv                          text38       0049B4
__end_of___awdiv                          text13       004B5C
__end_of___awmod                          text12       004DA2
__end_of___lldiv                          text11       004CEE
__end_of___lmul                           text10       005042
__end_of___lwdiv                          text9        004F46
__end_of___wmul                           text8        0053B6
__end_of__initialization                  cinit        0053E0
__end_of_main                             text0        003674
__end_ofi2___awdiv                        text37       004E38
__end_ofi2___awmod                        text36       004FC8
__end_ofi2___lldiv                        text35       004EC4
__end_ofi2___lmul                         text34       0052B0
__end_ofi2___lwdiv                        text33       005256
__initialization                          cinit        0053B6
__mediumconst                             mediumconst  000000
__pbitbssCOMRAM                           bitbssCOMRAM 0001D8
__pbssBANK0                               bssBANK0     000060
__pbssBANK1                               bssBANK1     000100
__pbssCOMRAM                              bssCOMRAM    00003E
__pcinit                                  cinit        0053B6
__pcstackBANK0                            cstackBANK0  0000BF
__pcstackBANK1                            cstackBANK1  000177
__pcstackCOMRAM                           cstackCOMRAM 000001
__pintcode                                intcode      000008
__pintcode_body                           intcode_body 001D64
__pintcodelo                              intcodelo    000018
__pnvBANK0                                nvBANK0      0000E5
__ptext0                                  text0        0031D6
__ptext1                                  text1        002C26
__ptext10                                 text10       004FC8
__ptext11                                 text11       004C28
__ptext12                                 text12       004CEE
__ptext13                                 text13       004A8C
__ptext14                                 text14       0047C4
__ptext15                                 text15       0042A8
__ptext16                                 text16       003A94
__ptext17                                 text17       004B5C
__ptext18                                 text18       0050B6
__ptext19                                 text19       0049B4
__ptext2                                  text2        004662
__ptext20                                 text20       005194
__ptext21                                 text21       005428
__ptext22                                 text22       0052B0
__ptext23                                 text23       004486
__ptext24                                 text24       003674
__ptext25                                 text25       005414
__ptext26                                 text26       005042
__ptext27                                 text27       0053EA
__ptext28                                 text28       0052FC
__ptext29                                 text29       00533E
__ptext3                                  text3        00261E
__ptext30                                 text30       005438
__ptext33                                 text33       0051FA
__ptext34                                 text34       005256
__ptext35                                 text35       004E38
__ptext36                                 text36       004F46
__ptext37                                 text37       004DA2
__ptext38                                 text38       0048D6
__ptext4                                  text4        005126
__ptext5                                  text5        0040BA
__ptext6                                  text6        003E28
__ptext7                                  text7        0000D4
__ptext8                                  text8        00537E
__ptext9                                  text9        004EC4
__ramtop                                  ramtop       000800
__size_of_AcionaValvulaMotorizada         (abs)        000000
__size_of_ApagaReceitasDaEEPROM           (abs)        000000
__size_of_AtualizaParamNoDisplay          (abs)        000000
__size_of_AtualizaReceitaNoDisplay        (abs)        000000
__size_of_Bipar                           (abs)        000000
__size_of_Busy_eep                        (abs)        000000
__size_of_DelayDWIN                       (abs)        000000
__size_of_DelaySeg                        (abs)        000000
__size_of_EscreverDWINram                 (abs)        000000
__size_of_EscreverDWINreg                 (abs)        000000
__size_of_EscreverDWINtrend               (abs)        000000
__size_of_ExecutaBrassagem                (abs)        000000
__size_of_GravaParamConfig                (abs)        000000
__size_of_GravarDadosNaEEPROM             (abs)        000000
__size_of_HighISR                         (abs)        000000
__size_of_Inicializacao                   (abs)        000000
__size_of_LeDadosReceita                  (abs)        000000
__size_of_LeParamConfig                   (abs)        000000
__size_of_LerDWINram                      (abs)        000000
__size_of_LerDWINreg                      (abs)        000000
__size_of_LowISR                          (abs)        000000
__size_of_ModoManual                      (abs)        000000
__size_of_Read_b_eep                      (abs)        000000
__size_of_ResetaSaidas                    (abs)        000000
__size_of_VerificaFalha                   (abs)        000000
__size_of_Write_b_eep                     (abs)        000000
__size_of___aldiv                         (abs)        000000
__size_of___awdiv                         (abs)        000000
__size_of___awmod                         (abs)        000000
__size_of___lldiv                         (abs)        000000
__size_of___lmul                          (abs)        000000
__size_of___lwdiv                         (abs)        000000
__size_of___wmul                          (abs)        000000
__size_of_main                            (abs)        000000
__size_ofi2___awdiv                       (abs)        000000
__size_ofi2___awmod                       (abs)        000000
__size_ofi2___lldiv                       (abs)        000000
__size_ofi2___lmul                        (abs)        000000
__size_ofi2___lwdiv                       (abs)        000000
__smallconst                              smallconst   000000
_fSerialInEnd                             bitbssCOMRAM 0001EA
_main                                     text0        0031D6
_mmAguaPrimaria                           bssBANK0     00008C
end_of_initialization                     cinit        0053E0
i2___awdiv                                text37       004DA2
i2___awdiv@counter                        cstackCOMRAM 000016
i2___awdiv@dividend                       cstackCOMRAM 000012
i2___awdiv@divisor                        cstackCOMRAM 000014
i2___awdiv@quotient                       cstackCOMRAM 000018
i2___awdiv@sign                           cstackCOMRAM 000017
i2___awmod                                text36       004F46
i2___awmod@counter                        cstackCOMRAM 000016
i2___awmod@dividend                       cstackCOMRAM 000012
i2___awmod@divisor                        cstackCOMRAM 000014
i2___awmod@sign                           cstackCOMRAM 000017
i2___lldiv                                text35       004E38
i2___lldiv@counter                        cstackCOMRAM 00001E
i2___lldiv@dividend                       cstackCOMRAM 000012
i2___lldiv@divisor                        cstackCOMRAM 000016
i2___lldiv@quotient                       cstackCOMRAM 00001A
i2___lmul                                 text34       005256
i2___lmul@multiplicand                    cstackCOMRAM 00001E
i2___lmul@multiplier                      cstackCOMRAM 00001A
i2___lmul@product                         cstackCOMRAM 000022
i2___lwdiv                                text33       0051FA
i2___lwdiv@counter                        cstackCOMRAM 000016
i2___lwdiv@dividend                       cstackCOMRAM 000012
i2___lwdiv@divisor                        cstackCOMRAM 000014
i2___lwdiv@quotient                       cstackCOMRAM 000017
int_func                                  intcode_body 001D64
intlevel0                                 text         000000
intlevel1                                 text         000000
intlevel2                                 text         000000
intlevel3                                 text         000000
main@ReceitaAtual                         cstackBANK1  00019C
main@SegundoAtual                         cstackBANK1  00019B
stackhi                                   (abs)        0007FF
stacklo                                   (abs)        00019D
start                                     init         0000D0
start_initialization                      cinit        0053B6


FUNCTION INFORMATION:

 *************** function _main *****************
 Defined at:
		line 2425 in file "EBsmartV1_2.c"
 Parameters:    Size  Location     Type
		None
 Auto vars:     Size  Location     Type
  ReceitaAtual    1   37[BANK1 ] unsigned char 
  SegundoAtual    1   36[BANK1 ] unsigned char 
 Return value:  Size  Location     Type
		None               void
 Registers used:
		wreg, fsr2l, fsr2h, status,2, status,0, prodl, prodh, cstack
 Tracked objects:
		On entry : 
		On exit  : 
		Unchanged: 
 Data sizes:     COMRAM   BANK0   BANK1   BANK2   BANK3   BANK4   BANK5   BANK6   BANK7
      Params:         0       0       0       0       0       0       0       0       0
      Locals:         0       0       2       0       0       0       0       0       0
      Temps:          0       0       2       0       0       0       0       0       0
      Totals:         0       0       4       0       0       0       0       0       0
Total ram usage:        4 bytes
 Hardware stack levels required when called:    9
 This function calls:
		_ApagaReceitasDaEEPROM
		_AtualizaParamNoDisplay
		_AtualizaReceitaNoDisplay
		_Bipar
		_DelaySeg
		_EscreverDWINram
		_EscreverDWINreg
		_ExecutaBrassagem
		_GravaParamConfig
		_GravarDadosNaEEPROM
		_Inicializacao
		_LeDadosReceita
		_LeParamConfig
		_LerDWINram
		_LerDWINreg
		_ModoManual
		_ResetaSaidas
		_VerificaFalha
 This function is called by:
		Startup code after reset
 This function uses a non-reentrant model


 *************** function _ModoManual *****************
 Defined at:
		line 2256 in file "EBsmartV1_2.c"
 Parameters:    Size  Location     Type
		None
 Auto vars:     Size  Location     Type
		None
 Return value:  Size  Location     Type
		None               void
 Registers used:
		wreg, fsr2l, fsr2h, status,2, status,0, prodl, prodh, cstack
 Tracked objects:
		On entry : 
		On exit  : 
		Unchanged: 
 Data sizes:     COMRAM   BANK0   BANK1   BANK2   BANK3   BANK4   BANK5   BANK6   BANK7
      Params:         0       0       0       0       0       0       0       0       0
      Locals:         0       0       0       0       0       0       0       0       0
      Temps:          0       0       2       0       0       0       0       0       0
      Totals:         0       0       2       0       0       0       0       0       0
Total ram usage:        2 bytes
 Hardware stack levels used:    1
 Hardware stack levels required when called:    6
 This function calls:
		_AcionaValvulaMotorizada
		_DelayDWIN
		_EscreverDWINram
		_LerDWINram
		___lldiv
		___lmul
		___lwdiv
		___wmul
 This function is called by:
		_main
 This function uses a non-reentrant model


 *************** function _LeParamConfig *****************
 Defined at:
		line 939 in file "EBsmartV1_2.c"
 Parameters:    Size  Location     Type
		None
 Auto vars:     Size  Location     Type
		None
 Return value:  Size  Location     Type
		None               void
 Registers used:
		wreg, fsr2l, fsr2h, status,2, status,0, prodl, prodh, cstack
 Tracked objects:
		On entry : 
		On exit  : 
		Unchanged: 
 Data sizes:     COMRAM   BANK0   BANK1   BANK2   BANK3   BANK4   BANK5   BANK6   BANK7
      Params:         0       0       0       0       0       0       0       0       0
      Locals:         0       0       0       0       0       0       0       0       0
      Temps:          0       0       0       0       0       0       0       0       0
      Totals:         0       0       0       0       0       0       0       0       0
Total ram usage:        0 bytes
 Hardware stack levels used:    1
 Hardware stack levels required when called:    5
 This function calls:
		_LerDWINram
 This function is called by:
		_main
 This function uses a non-reentrant model


 *************** function _LeDadosReceita *****************
 Defined at:
		line 1048 in file "EBsmartV1_2.c"
 Parameters:    Size  Location     Type
		None
 Auto vars:     Size  Location     Type
  buffer          2   15[BANK1 ] unsigned int 
  utemp8          1   17[BANK1 ] unsigned char 
 Return value:  Size  Location     Type
                  1    wreg      unsigned char 
 Registers used:
		wreg, fsr2l, fsr2h, status,2, status,0, prodl, prodh, cstack
 Tracked objects:
		On entry : 
		On exit  : 
		Unchanged: 
 Data sizes:     COMRAM   BANK0   BANK1   BANK2   BANK3   BANK4   BANK5   BANK6   BANK7
      Params:         0       0       0       0       0       0       0       0       0
      Locals:         0       0       3       0       0       0       0       0       0
      Temps:          0       0       2       0       0       0       0       0       0
      Totals:         0       0       5       0       0       0       0       0       0
Total ram usage:        5 bytes
 Hardware stack levels used:    1
 Hardware stack levels required when called:    5
 This function calls:
		_LerDWINram
		___lldiv
		___lmul
 This function is called by:
		_main
 This function uses a non-reentrant model


 *************** function _Inicializacao *****************
 Defined at:
		line 723 in file "EBsmartV1_2.c"
 Parameters:    Size  Location     Type
		None
 Auto vars:     Size  Location     Type
		None
 Return value:  Size  Location     Type
		None               void
 Registers used:
		wreg, status,2
 Tracked objects:
		On entry : 
		On exit  : 
		Unchanged: 
 Data sizes:     COMRAM   BANK0   BANK1   BANK2   BANK3   BANK4   BANK5   BANK6   BANK7
      Params:         0       0       0       0       0       0       0       0       0
      Locals:         0       0       0       0       0       0       0       0       0
      Temps:          0       0       0       0       0       0       0       0       0
      Totals:         0       0       0       0       0       0       0       0       0
Total ram usage:        0 bytes
 Hardware stack levels used:    1
 Hardware stack levels required when called:    3
 This function calls:
		Nothing
 This function is called by:
		_main
 This function uses a non-reentrant model


 *************** function _GravarDadosNaEEPROM *****************
 Defined at:
		line 1149 in file "EBsmartV1_2.c"
 Parameters:    Size  Location     Type
  receita         1    wreg     unsigned char 
 Auto vars:     Size  Location     Type
  receita         1   34[BANK0 ] unsigned char 
  cont            1   36[BANK0 ] unsigned char 
  temp            1   35[BANK0 ] unsigned char 
 Return value:  Size  Location     Type
		None               void
 Registers used:
		wreg, fsr2l, fsr2h, status,2, status,0, prodl, prodh, cstack
 Tracked objects:
		On entry : 
		On exit  : 
		Unchanged: 
 Data sizes:     COMRAM   BANK0   BANK1   BANK2   BANK3   BANK4   BANK5   BANK6   BANK7
      Params:         0       0       0       0       0       0       0       0       0
      Locals:         0       3       0       0       0       0       0       0       0
      Temps:          0       4       0       0       0       0       0       0       0
      Totals:         0       7       0       0       0       0       0       0       0
Total ram usage:        7 bytes
 Hardware stack levels used:    1
 Hardware stack levels required when called:    4
 This function calls:
		_Busy_eep
		_Write_b_eep
 This function is called by:
		_main
 This function uses a non-reentrant model


 *************** function _GravaParamConfig *****************
 Defined at:
		line 961 in file "EBsmartV1_2.c"
 Parameters:    Size  Location     Type
		None
 Auto vars:     Size  Location     Type
  utemp8          1   31[BANK0 ] unsigned char 
 Return value:  Size  Location     Type
		None               void
 Registers used:
		wreg, status,2, status,0, cstack
 Tracked objects:
		On entry : 
		On exit  : 
		Unchanged: 
 Data sizes:     COMRAM   BANK0   BANK1   BANK2   BANK3   BANK4   BANK5   BANK6   BANK7
      Params:         0       0       0       0       0       0       0       0       0
      Locals:         0       1       0       0       0       0       0       0       0
      Temps:          0       1       0       0       0       0       0       0       0
      Totals:         0       2       0       0       0       0       0       0       0
Total ram usage:        2 bytes
 Hardware stack levels used:    1
 Hardware stack levels required when called:    4
 This function calls:
		_Busy_eep
		_Write_b_eep
 This function is called by:
		_main
 This function uses a non-reentrant model


 *************** function _ExecutaBrassagem *****************
 Defined at:
		line 1483 in file "EBsmartV1_2.c"
 Parameters:    Size  Location     Type
		None
 Auto vars:     Size  Location     Type
  temp            2   31[BANK1 ] unsigned int 
  MinutosEtapa    1   33[BANK1 ] unsigned char 
  SegundosCont    1   30[BANK1 ] unsigned char 
 Return value:  Size  Location     Type
		None               void
 Registers used:
		wreg, fsr2l, fsr2h, status,2, status,0, prodl, prodh, cstack
 Tracked objects:
		On entry : 
		On exit  : 
		Unchanged: 
 Data sizes:     COMRAM   BANK0   BANK1   BANK2   BANK3   BANK4   BANK5   BANK6   BANK7
      Params:         0       0       0       0       0       0       0       0       0
      Locals:         0       0       4       0       0       0       0       0       0
      Temps:          0       0       6       0       0       0       0       0       0
      Totals:         0       0      10       0       0       0       0       0       0
Total ram usage:       10 bytes
 Hardware stack levels used:    1
 Hardware stack levels required when called:    8
 This function calls:
		_AcionaValvulaMotorizada
		_Bipar
		_DelaySeg
		_EscreverDWINram
		_EscreverDWINreg
		_EscreverDWINtrend
		_LerDWINram
		_LerDWINreg
		_VerificaFalha
		___awdiv
		___awmod
		___lldiv
		___lmul
		___lwdiv
		___wmul
 This function is called by:
		_main
 This function uses a non-reentrant model


 *************** function ___wmul *****************
 Defined at:
		line 15 in file "C:\Program Files (x86)\Microchip\xc8\v1.34\sources\common\Umul16.c"
 Parameters:    Size  Location     Type
  multiplier      2   26[BANK0 ] unsigned int 
  multiplicand    2   28[BANK0 ] unsigned int 
 Auto vars:     Size  Location     Type
  product         2   30[BANK0 ] unsigned int 
 Return value:  Size  Location     Type
                  2   26[BANK0 ] unsigned int 
 Registers used:
		wreg, status,2, status,0, prodl, prodh
 Tracked objects:
		On entry : 
		On exit  : 
		Unchanged: 
 Data sizes:     COMRAM   BANK0   BANK1   BANK2   BANK3   BANK4   BANK5   BANK6   BANK7
      Params:         0       4       0       0       0       0       0       0       0
      Locals:         0       2       0       0       0       0       0       0       0
      Temps:          0       0       0       0       0       0       0       0       0
      Totals:         0       6       0       0       0       0       0       0       0
Total ram usage:        6 bytes
 Hardware stack levels used:    1
 Hardware stack levels required when called:    3
 This function calls:
		Nothing
 This function is called by:
		_ExecutaBrassagem
		_ModoManual
 This function uses a non-reentrant model


 *************** function ___lwdiv *****************
 Defined at:
		line 8 in file "C:\Program Files (x86)\Microchip\xc8\v1.34\sources\common\lwdiv.c"
 Parameters:    Size  Location     Type
  dividend        2   32[BANK0 ] unsigned int 
  divisor         2   34[BANK0 ] unsigned int 
 Auto vars:     Size  Location     Type
  quotient        2    1[BANK1 ] unsigned int 
  counter         1    0[BANK1 ] unsigned char 
 Return value:  Size  Location     Type
                  2   32[BANK0 ] unsigned int 
 Registers used:
		wreg, status,2, status,0
 Tracked objects:
		On entry : 
		On exit  : 
		Unchanged: 
 Data sizes:     COMRAM   BANK0   BANK1   BANK2   BANK3   BANK4   BANK5   BANK6   BANK7
      Params:         0       4       0       0       0       0       0       0       0
      Locals:         0       0       3       0       0       0       0       0       0
      Temps:          0       0       0       0       0       0       0       0       0
      Totals:         0       4       3       0       0       0       0       0       0
Total ram usage:        7 bytes
 Hardware stack levels used:    1
 Hardware stack levels required when called:    3
 This function calls:
		Nothing
 This function is called by:
		_ExecutaBrassagem
		_ModoManual
 This function uses a non-reentrant model


 *************** function ___lmul *****************
 Defined at:
		line 15 in file "C:\Program Files (x86)\Microchip\xc8\v1.34\sources\common\Umul32.c"
 Parameters:    Size  Location     Type
  multiplier      4   26[BANK0 ] unsigned long 
  multiplicand    4   30[BANK0 ] unsigned long 
 Auto vars:     Size  Location     Type
  product         4   34[BANK0 ] unsigned long 
 Return value:  Size  Location     Type
                  4   26[BANK0 ] unsigned long 
 Registers used:
		wreg, status,2, status,0
 Tracked objects:
		On entry : 
		On exit  : 
		Unchanged: 
 Data sizes:     COMRAM   BANK0   BANK1   BANK2   BANK3   BANK4   BANK5   BANK6   BANK7
      Params:         0       8       0       0       0       0       0       0       0
      Locals:         0       4       0       0       0       0       0       0       0
      Temps:          0       0       0       0       0       0       0       0       0
      Totals:         0      12       0       0       0       0       0       0       0
Total ram usage:       12 bytes
 Hardware stack levels used:    1
 Hardware stack levels required when called:    3
 This function calls:
		Nothing
 This function is called by:
		_LeDadosReceita
		_ExecutaBrassagem
		_ModoManual
 This function uses a non-reentrant model


 *************** function ___lldiv *****************
 Defined at:
		line 8 in file "C:\Program Files (x86)\Microchip\xc8\v1.34\sources\common\lldiv.c"
 Parameters:    Size  Location     Type
  dividend        4    0[BANK1 ] unsigned long 
  divisor         4    4[BANK1 ] unsigned long 
 Auto vars:     Size  Location     Type
  quotient        4    8[BANK1 ] unsigned long 
  counter         1   12[BANK1 ] unsigned char 
 Return value:  Size  Location     Type
                  4    0[BANK1 ] unsigned long 
 Registers used:
		wreg, status,2, status,0
 Tracked objects:
		On entry : 
		On exit  : 
		Unchanged: 
 Data sizes:     COMRAM   BANK0   BANK1   BANK2   BANK3   BANK4   BANK5   BANK6   BANK7
      Params:         0       0       8       0       0       0       0       0       0
      Locals:         0       0       5       0       0       0       0       0       0
      Temps:          0       0       0       0       0       0       0       0       0
      Totals:         0       0      13       0       0       0       0       0       0
Total ram usage:       13 bytes
 Hardware stack levels used:    1
 Hardware stack levels required when called:    3
 This function calls:
		Nothing
 This function is called by:
		_LeDadosReceita
		_ExecutaBrassagem
		_ModoManual
 This function uses a non-reentrant model


 *************** function ___awmod *****************
 Defined at:
		line 8 in file "C:\Program Files (x86)\Microchip\xc8\v1.34\sources\common\awmod.c"
 Parameters:    Size  Location     Type
  dividend        2   26[BANK0 ] int 
  divisor         2   28[BANK0 ] int 
 Auto vars:     Size  Location     Type
  sign            1   31[BANK0 ] unsigned char 
  counter         1   30[BANK0 ] unsigned char 
 Return value:  Size  Location     Type
                  2   26[BANK0 ] int 
 Registers used:
		wreg, status,2, status,0
 Tracked objects:
		On entry : 
		On exit  : 
		Unchanged: 
 Data sizes:     COMRAM   BANK0   BANK1   BANK2   BANK3   BANK4   BANK5   BANK6   BANK7
      Params:         0       4       0       0       0       0       0       0       0
      Locals:         0       2       0       0       0       0       0       0       0
      Temps:          0       0       0       0       0       0       0       0       0
      Totals:         0       6       0       0       0       0       0       0       0
Total ram usage:        6 bytes
 Hardware stack levels used:    1
 Hardware stack levels required when called:    3
 This function calls:
		Nothing
 This function is called by:
		_ExecutaBrassagem
 This function uses a non-reentrant model


 *************** function ___awdiv *****************
 Defined at:
		line 8 in file "C:\Program Files (x86)\Microchip\xc8\v1.34\sources\common\awdiv.c"
 Parameters:    Size  Location     Type
  dividend        2   26[BANK0 ] int 
  divisor         2   28[BANK0 ] int 
 Auto vars:     Size  Location     Type
  quotient        2   32[BANK0 ] int 
  sign            1   31[BANK0 ] unsigned char 
  counter         1   30[BANK0 ] unsigned char 
 Return value:  Size  Location     Type
                  2   26[BANK0 ] int 
 Registers used:
		wreg, status,2, status,0
 Tracked objects:
		On entry : 
		On exit  : 
		Unchanged: 
 Data sizes:     COMRAM   BANK0   BANK1   BANK2   BANK3   BANK4   BANK5   BANK6   BANK7
      Params:         0       4       0       0       0       0       0       0       0
      Locals:         0       4       0       0       0       0       0       0       0
      Temps:          0       0       0       0       0       0       0       0       0
      Totals:         0       8       0       0       0       0       0       0       0
Total ram usage:        8 bytes
 Hardware stack levels used:    1
 Hardware stack levels required when called:    3
 This function calls:
		Nothing
 This function is called by:
		_ExecutaBrassagem
 This function uses a non-reentrant model


 *************** function _VerificaFalha *****************
 Defined at:
		line 1435 in file "EBsmartV1_2.c"
 Parameters:    Size  Location     Type
		None
 Auto vars:     Size  Location     Type
		None
 Return value:  Size  Location     Type
                  1    wreg      unsigned char 
 Registers used:
		wreg, fsr2l, fsr2h, status,2, status,0, prodl, prodh, cstack
 Tracked objects:
		On entry : 
		On exit  : 
		Unchanged: 
 Data sizes:     COMRAM   BANK0   BANK1   BANK2   BANK3   BANK4   BANK5   BANK6   BANK7
      Params:         0       0       0       0       0       0       0       0       0
      Locals:         0       0       0       0       0       0       0       0       0
      Temps:          0       0       0       0       0       0       0       0       0
      Totals:         0       0       0       0       0       0       0       0       0
Total ram usage:        0 bytes
 Hardware stack levels used:    1
 Hardware stack levels required when called:    7
 This function calls:
		_DelaySeg
		_EscreverDWINreg
		_LerDWINreg
		_ResetaSaidas
 This function is called by:
		_ExecutaBrassagem
		_main
 This function uses a non-reentrant model


 *************** function _ResetaSaidas *****************
 Defined at:
		line 1383 in file "EBsmartV1_2.c"
 Parameters:    Size  Location     Type
		None
 Auto vars:     Size  Location     Type
		None
 Return value:  Size  Location     Type
		None               void
 Registers used:
		wreg, fsr2l, fsr2h, status,2, status,0, prodl, prodh, cstack
 Tracked objects:
		On entry : 
		On exit  : 
		Unchanged: 
 Data sizes:     COMRAM   BANK0   BANK1   BANK2   BANK3   BANK4   BANK5   BANK6   BANK7
      Params:         0       0       0       0       0       0       0       0       0
      Locals:         0       0       0       0       0       0       0       0       0
      Temps:          0       0       0       0       0       0       0       0       0
      Totals:         0       0       0       0       0       0       0       0       0
Total ram usage:        0 bytes
 Hardware stack levels used:    1
 Hardware stack levels required when called:    6
 This function calls:
		_AcionaValvulaMotorizada
		_EscreverDWINram
		_EscreverDWINreg
 This function is called by:
		_VerificaFalha
		_main
 This function uses a non-reentrant model


 *************** function _AcionaValvulaMotorizada *****************
 Defined at:
		line 1238 in file "EBsmartV1_2.c"
 Parameters:    Size  Location     Type
  sentido         1    wreg     unsigned char 
  valvula         1   18[BANK1 ] unsigned char 
 Auto vars:     Size  Location     Type
  sentido         1   23[BANK1 ] unsigned char 
  Timeout         1   22[BANK1 ] unsigned char 
  NumValvulaEr    1   21[BANK1 ] unsigned char 
  TelaAtual       1   20[BANK1 ] unsigned char 
 Return value:  Size  Location     Type
                  1    wreg      unsigned char 
 Registers used:
		wreg, fsr2l, fsr2h, status,2, status,0, prodl, prodh, cstack
 Tracked objects:
		On entry : 
		On exit  : 
		Unchanged: 
 Data sizes:     COMRAM   BANK0   BANK1   BANK2   BANK3   BANK4   BANK5   BANK6   BANK7
      Params:         0       0       1       0       0       0       0       0       0
      Locals:         0       0       4       0       0       0       0       0       0
      Temps:          0       0       1       0       0       0       0       0       0
      Totals:         0       0       6       0       0       0       0       0       0
Total ram usage:        6 bytes
 Hardware stack levels used:    1
 Hardware stack levels required when called:    5
 This function calls:
		_DelayDWIN
		_EscreverDWINram
		_EscreverDWINreg
		_LerDWINreg
 This function is called by:
		_ResetaSaidas
		_ExecutaBrassagem
		_ModoManual
 This function uses a non-reentrant model


 *************** function _LerDWINreg *****************
 Defined at:
		line 872 in file "EBsmartV1_2.c"
 Parameters:    Size  Location     Type
  endereco        1    wreg     unsigned char 
 Auto vars:     Size  Location     Type
  endereco        1   30[BANK0 ] unsigned char 
  cont            1   32[BANK0 ] unsigned char 
  recebido        1   31[BANK0 ] unsigned char 
 Return value:  Size  Location     Type
                  2   28[BANK0 ] int 
 Registers used:
		wreg, fsr2l, fsr2h, status,2, status,0, prodl, prodh, cstack
 Tracked objects:
		On entry : 
		On exit  : 
		Unchanged: 
 Data sizes:     COMRAM   BANK0   BANK1   BANK2   BANK3   BANK4   BANK5   BANK6   BANK7
      Params:         0       2       0       0       0       0       0       0       0
      Locals:         0       3       0       0       0       0       0       0       0
      Temps:          0       0       0       0       0       0       0       0       0
      Totals:         0       5       0       0       0       0       0       0       0
Total ram usage:        5 bytes
 Hardware stack levels used:    1
 Hardware stack levels required when called:    4
 This function calls:
		_DelayDWIN
 This function is called by:
		_AcionaValvulaMotorizada
		_VerificaFalha
		_ExecutaBrassagem
		_main
 This function uses a non-reentrant model


 *************** function _EscreverDWINreg *****************
 Defined at:
		line 801 in file "EBsmartV1_2.c"
 Parameters:    Size  Location     Type
  endereco        1    wreg     unsigned char 
  valor           2   28[BANK0 ] int 
 Auto vars:     Size  Location     Type
  endereco        1   30[BANK0 ] unsigned char 
  cont            1   31[BANK0 ] unsigned char 
 Return value:  Size  Location     Type
		None               void
 Registers used:
		wreg, fsr2l, fsr2h, status,2, status,0, prodl, prodh, cstack
 Tracked objects:
		On entry : 
		On exit  : 
		Unchanged: 
 Data sizes:     COMRAM   BANK0   BANK1   BANK2   BANK3   BANK4   BANK5   BANK6   BANK7
      Params:         0       2       0       0       0       0       0       0       0
      Locals:         0       2       0       0       0       0       0       0       0
      Temps:          0       0       0       0       0       0       0       0       0
      Totals:         0       4       0       0       0       0       0       0       0
Total ram usage:        4 bytes
 Hardware stack levels used:    1
 Hardware stack levels required when called:    4
 This function calls:
		_DelayDWIN
 This function is called by:
		_AcionaValvulaMotorizada
		_ResetaSaidas
		_VerificaFalha
		_ExecutaBrassagem
		_main
 This function uses a non-reentrant model


 *************** function _LerDWINram *****************
 Defined at:
		line 826 in file "EBsmartV1_2.c"
 Parameters:    Size  Location     Type
  endereco        2   28[BANK0 ] unsigned int 
 Auto vars:     Size  Location     Type
  VPrecebido      2   30[BANK0 ] unsigned int 
  cont            1   32[BANK0 ] unsigned char 
 Return value:  Size  Location     Type
                  2   28[BANK0 ] int 
 Registers used:
		wreg, fsr2l, fsr2h, status,2, status,0, prodl, prodh, cstack
 Tracked objects:
		On entry : 
		On exit  : 
		Unchanged: 
 Data sizes:     COMRAM   BANK0   BANK1   BANK2   BANK3   BANK4   BANK5   BANK6   BANK7
      Params:         0       2       0       0       0       0       0       0       0
      Locals:         0       3       0       0       0       0       0       0       0
[...]
      Temps:          0       0       0       0       0       0       0       0       0
      Totals:         0       2       0       0       0       0       0       0       0
Total ram usage:        2 bytes
 Hardware stack levels used:    1
 Hardware stack levels required when called:    3
 This function calls:
		Nothing
 This function is called by:
		_AtualizaParamNoDisplay
		_AtualizaReceitaNoDisplay
 This function uses a non-reentrant model


 *************** function _EscreverDWINram *****************
 Defined at:
		line 775 in file "EBsmartV1_2.c"
 Parameters:    Size  Location     Type
  endereco        2   13[BANK1 ] unsigned int 
  valor           2   15[BANK1 ] int 
 Auto vars:     Size  Location     Type
  cont            1   17[BANK1 ] unsigned char 
 Return value:  Size  Location     Type
		None               void
 Registers used:
		wreg, fsr2l, fsr2h, status,2, status,0, prodl, prodh, cstack
 Tracked objects:
		On entry : 
		On exit  : 
		Unchanged: 
 Data sizes:     COMRAM   BANK0   BANK1   BANK2   BANK3   BANK4   BANK5   BANK6   BANK7
      Params:         0       0       4       0       0       0       0       0       0
      Locals:         0       0       1       0       0       0       0       0       0
      Temps:          0       0       0       0       0       0       0       0       0
      Totals:         0       0       5       0       0       0       0       0       0
Total ram usage:        5 bytes
 Hardware stack levels used:    1
 Hardware stack levels required when called:    4
 This function calls:
		_DelayDWIN
 This function is called by:
		_AtualizaParamNoDisplay
		_AtualizaReceitaNoDisplay
		_AcionaValvulaMotorizada
		_ResetaSaidas
		_ExecutaBrassagem
		_ModoManual
		_main
 This function uses a non-reentrant model


 *************** function _DelayDWIN *****************
 Defined at:
		line 709 in file "EBsmartV1_2.c"
 Parameters:    Size  Location     Type
		None
 Auto vars:     Size  Location     Type
  cont            1   27[BANK0 ] unsigned char 
 Return value:  Size  Location     Type
		None               void
 Registers used:
		wreg, status,2, status,0
 Tracked objects:
		On entry : 
		On exit  : 
		Unchanged: 
 Data sizes:     COMRAM   BANK0   BANK1   BANK2   BANK3   BANK4   BANK5   BANK6   BANK7
      Params:         0       0       0       0       0       0       0       0       0
      Locals:         0       1       0       0       0       0       0       0       0
      Temps:          0       1       0       0       0       0       0       0       0
      Totals:         0       2       0       0       0       0       0       0       0
Total ram usage:        2 bytes
 Hardware stack levels used:    1
 Hardware stack levels required when called:    3
 This function calls:
		Nothing
 This function is called by:
		_EscreverDWINram
		_EscreverDWINreg
		_LerDWINram
		_LerDWINreg
		_EscreverDWINtrend
		_AcionaValvulaMotorizada
		_ModoManual
 This function uses a non-reentrant model


 *************** function _ApagaReceitasDaEEPROM *****************
 Defined at:
		line 1031 in file "EBsmartV1_2.c"
 Parameters:    Size  Location     Type
		None
 Auto vars:     Size  Location     Type
  utemp8          1   31[BANK0 ] unsigned char 
 Return value:  Size  Location     Type
		None               void
 Registers used:
		wreg, status,2, status,0, cstack
 Tracked objects:
		On entry : 
		On exit  : 
		Unchanged: 
 Data sizes:     COMRAM   BANK0   BANK1   BANK2   BANK3   BANK4   BANK5   BANK6   BANK7
      Params:         0       0       0       0       0       0       0       0       0
      Locals:         0       1       0       0       0       0       0       0       0
      Temps:          0       1       0       0       0       0       0       0       0
      Totals:         0       2       0       0       0       0       0       0       0
Total ram usage:        2 bytes
 Hardware stack levels used:    1
 Hardware stack levels required when called:    4
 This function calls:
		_Busy_eep
		_Write_b_eep
 This function is called by:
		_main
 This function uses a non-reentrant model


 *************** function _Write_b_eep *****************
 Defined at:
		line 30 in file "C:\Program Files (x86)\Microchip\xc8\v1.34\sources\pic18\plib\EEP\write_B.c"
 Parameters:    Size  Location     Type
  badd            2   26[BANK0 ] unsigned int 
  bdat            1   28[BANK0 ] unsigned char 
 Auto vars:     Size  Location     Type
  GIE_BIT_VAL     1   29[BANK0 ] unsigned char 
 Return value:  Size  Location     Type
		None               void
 Registers used:
		wreg, status,2
 Tracked objects:
		On entry : 
		On exit  : 
		Unchanged: 
 Data sizes:     COMRAM   BANK0   BANK1   BANK2   BANK3   BANK4   BANK5   BANK6   BANK7
      Params:         0       3       0       0       0       0       0       0       0
      Locals:         0       1       0       0       0       0       0       0       0
      Temps:          0       0       0       0       0       0       0       0       0
      Totals:         0       4       0       0       0       0       0       0       0
Total ram usage:        4 bytes
 Hardware stack levels used:    1
 Hardware stack levels required when called:    3
 This function calls:
		Nothing
 This function is called by:
		_GravaParamConfig
		_ApagaReceitasDaEEPROM
		_GravarDadosNaEEPROM
 This function uses a non-reentrant model


 *************** function _Busy_eep *****************
 Defined at:
		line 12 in file "C:\Program Files (x86)\Microchip\xc8\v1.34\sources\pic18\plib\EEP\busy_eep.c"
 Parameters:    Size  Location     Type
		None
 Auto vars:     Size  Location     Type
		None
 Return value:  Size  Location     Type
		None               void
 Registers used:
		None
 Tracked objects:
		On entry : 
		On exit  : 
		Unchanged: 
 Data sizes:     COMRAM   BANK0   BANK1   BANK2   BANK3   BANK4   BANK5   BANK6   BANK7
      Params:         0       0       0       0       0       0       0       0       0
      Locals:         0       0       0       0       0       0       0       0       0
      Temps:          0       0       0       0       0       0       0       0       0
      Totals:         0       0       0       0       0       0       0       0       0
Total ram usage:        0 bytes
 Hardware stack levels used:    1
 Hardware stack levels required when called:    3
 This function calls:
		Nothing
 This function is called by:
		_GravaParamConfig
		_ApagaReceitasDaEEPROM
		_GravarDadosNaEEPROM
 This function uses a non-reentrant model


 *************** function _LowISR *****************
 Defined at:
		line 677 in file "EBsmartV1_2.c"
 Parameters:    Size  Location     Type
		None
 Auto vars:     Size  Location     Type
		None
 Return value:  Size  Location     Type
		None               void
 Registers used:
		wreg, fsr2l, fsr2h, status,2, status,0, prodl, prodh
 Tracked objects:
		On entry : 
		On exit  : 
		Unchanged: 
 Data sizes:     COMRAM   BANK0   BANK1   BANK2   BANK3   BANK4   BANK5   BANK6   BANK7
      Params:         0       0       0       0       0       0       0       0       0
      Locals:         0       0       0       0       0       0       0       0       0
      Temps:         17       0       0       0       0       0       0       0       0
      Totals:        17       0       0       0       0       0       0       0       0
Total ram usage:       17 bytes
 Hardware stack levels used:    1
 Hardware stack levels required when called:    2
 This function calls:
		Nothing
 This function is called by:
		Interrupt level 1
 This function uses a non-reentrant model


 *************** function _HighISR *****************
 Defined at:
		line 445 in file "EBsmartV1_2.c"
 Parameters:    Size  Location     Type
		None
 Auto vars:     Size  Location     Type
  Erro            4   53[COMRAM] long 
  Temp16          2   51[COMRAM] unsigned int 
  Temp8           1   57[COMRAM] unsigned char 
 Return value:  Size  Location     Type
		None               void
 Registers used:
		wreg, fsr1l, fsr1h, fsr2l, fsr2h, status,2, status,0, prodl, prodh, cstack
 Tracked objects:
		On entry : 
		On exit  : 
		Unchanged: 
 Data sizes:     COMRAM   BANK0   BANK1   BANK2   BANK3   BANK4   BANK5   BANK6   BANK7
      Params:         0       0       0       0       0       0       0       0       0
      Locals:         7       0       0       0       0       0       0       0       0
      Temps:          0      26       0       0       0       0       0       0       0
      Totals:         7      26       0       0       0       0       0       0       0
Total ram usage:       33 bytes
 Hardware stack levels used:    1
 Hardware stack levels required when called:    1
 This function calls:
		___aldiv
		i2___awdiv
		i2___awmod
		i2___lldiv
		i2___lmul
		i2___lwdiv
 This function is called by:
		Interrupt level 2
 This function uses a non-reentrant model


 *************** function i2___lwdiv *****************
 Defined at:
		line 8 in file "C:\Program Files (x86)\Microchip\xc8\v1.34\sources\common\lwdiv.c"
 Parameters:    Size  Location     Type
  dividend        2   17[COMRAM] unsigned int 
  divisor         2   19[COMRAM] unsigned int 
 Auto vars:     Size  Location     Type
  __lwdiv         2   22[COMRAM] unsigned int 
  __lwdiv         1   21[COMRAM] unsigned char 
 Return value:  Size  Location     Type
                  2   17[COMRAM] unsigned int 
 Registers used:
		wreg, status,2, status,0
 Tracked objects:
		On entry : 
		On exit  : 
		Unchanged: 
 Data sizes:     COMRAM   BANK0   BANK1   BANK2   BANK3   BANK4   BANK5   BANK6   BANK7
      Params:         4       0       0       0       0       0       0       0       0
      Locals:         3       0       0       0       0       0       0       0       0
      Temps:          0       0       0       0       0       0       0       0       0
      Totals:         7       0       0       0       0       0       0       0       0
Total ram usage:        7 bytes
 Hardware stack levels used:    1
 This function calls:
		Nothing
 This function is called by:
		_HighISR
 This function uses a non-reentrant model


 *************** function i2___lmul *****************
 Defined at:
		line 15 in file "C:\Program Files (x86)\Microchip\xc8\v1.34\sources\common\Umul32.c"
 Parameters:    Size  Location     Type
  multiplier      4   25[COMRAM] unsigned long 
  multiplicand    4   29[COMRAM] unsigned long 
 Auto vars:     Size  Location     Type
  __lmul          4   33[COMRAM] unsigned long 
 Return value:  Size  Location     Type
                  4   25[COMRAM] unsigned long 
 Registers used:
		wreg, status,2, status,0
 Tracked objects:
		On entry : 
		On exit  : 
		Unchanged: 
 Data sizes:     COMRAM   BANK0   BANK1   BANK2   BANK3   BANK4   BANK5   BANK6   BANK7
      Params:         8       0       0       0       0       0       0       0       0
      Locals:         4       0       0       0       0       0       0       0       0
      Temps:          0       0       0       0       0       0       0       0       0
      Totals:        12       0       0       0       0       0       0       0       0
Total ram usage:       12 bytes
 Hardware stack levels used:    1
 This function calls:
		Nothing
 This function is called by:
		_HighISR
 This function uses a non-reentrant model


 *************** function i2___lldiv *****************
 Defined at:
		line 8 in file "C:\Program Files (x86)\Microchip\xc8\v1.34\sources\common\lldiv.c"
 Parameters:    Size  Location     Type
  dividend        4   17[COMRAM] unsigned long 
  divisor         4   21[COMRAM] unsigned long 
 Auto vars:     Size  Location     Type
  __lldiv         4   25[COMRAM] unsigned long 
  __lldiv         1   29[COMRAM] unsigned char 
 Return value:  Size  Location     Type
                  4   17[COMRAM] unsigned long 
 Registers used:
		wreg, status,2, status,0
 Tracked objects:
		On entry : 
		On exit  : 
		Unchanged: 
 Data sizes:     COMRAM   BANK0   BANK1   BANK2   BANK3   BANK4   BANK5   BANK6   BANK7
      Params:         8       0       0       0       0       0       0       0       0
      Locals:         5       0       0       0       0       0       0       0       0
      Temps:          0       0       0       0       0       0       0       0       0
      Totals:        13       0       0       0       0       0       0       0       0
Total ram usage:       13 bytes
 Hardware stack levels used:    1
 This function calls:
		Nothing
 This function is called by:
		_HighISR
 This function uses a non-reentrant model


 *************** function i2___awmod *****************
 Defined at:
		line 8 in file "C:\Program Files (x86)\Microchip\xc8\v1.34\sources\common\awmod.c"
 Parameters:    Size  Location     Type
  dividend        2   17[COMRAM] int 
  divisor         2   19[COMRAM] int 
 Auto vars:     Size  Location     Type
  __awmod         1   22[COMRAM] unsigned char 
  __awmod         1   21[COMRAM] unsigned char 
 Return value:  Size  Location     Type
                  2   17[COMRAM] int 
 Registers used:
		wreg, status,2, status,0
 Tracked objects:
		On entry : 
		On exit  : 
		Unchanged: 
 Data sizes:     COMRAM   BANK0   BANK1   BANK2   BANK3   BANK4   BANK5   BANK6   BANK7
      Params:         4       0       0       0       0       0       0       0       0
      Locals:         2       0       0       0       0       0       0       0       0
      Temps:          0       0       0       0       0       0       0       0       0
      Totals:         6       0       0       0       0       0       0       0       0
Total ram usage:        6 bytes
 Hardware stack levels used:    1
 This function calls:
		Nothing
 This function is called by:
		_HighISR
 This function uses a non-reentrant model


 *************** function i2___awdiv *****************
 Defined at:
		line 8 in file "C:\Program Files (x86)\Microchip\xc8\v1.34\sources\common\awdiv.c"
 Parameters:    Size  Location     Type
  dividend        2   17[COMRAM] int 
  divisor         2   19[COMRAM] int 
 Auto vars:     Size  Location     Type
  __awdiv         2   23[COMRAM] int 
  __awdiv         1   22[COMRAM] unsigned char 
  __awdiv         1   21[COMRAM] unsigned char 
 Return value:  Size  Location     Type
                  2   17[COMRAM] int 
 Registers used:
		wreg, status,2, status,0
 Tracked objects:
		On entry : 
		On exit  : 
		Unchanged: 
 Data sizes:     COMRAM   BANK0   BANK1   BANK2   BANK3   BANK4   BANK5   BANK6   BANK7
      Params:         4       0       0       0       0       0       0       0       0
      Locals:         4       0       0       0       0       0       0       0       0
      Temps:          0       0       0       0       0       0       0       0       0
      Totals:         8       0       0       0       0       0       0       0       0
Total ram usage:        8 bytes
 Hardware stack levels used:    1
 This function calls:
		Nothing
 This function is called by:
		_HighISR
 This function uses a non-reentrant model


 *************** function ___aldiv *****************
 Defined at:
		line 8 in file "C:\Program Files (x86)\Microchip\xc8\v1.34\sources\common\aldiv.c"
 Parameters:    Size  Location     Type
  dividend        4   37[COMRAM] long 
  divisor         4   41[COMRAM] long 
 Auto vars:     Size  Location     Type
  quotient        4   47[COMRAM] long 
  sign            1   46[COMRAM] unsigned char 
  counter         1   45[COMRAM] unsigned char 
 Return value:  Size  Location     Type
                  4   37[COMRAM] long 
 Registers used:
		wreg, status,2, status,0
 Tracked objects:
		On entry : 
		On exit  : 
		Unchanged: 
 Data sizes:     COMRAM   BANK0   BANK1   BANK2   BANK3   BANK4   BANK5   BANK6   BANK7
      Params:         8       0       0       0       0       0       0       0       0
      Locals:         6       0       0       0       0       0       0       0       0
      Temps:          0       0       0       0       0       0       0       0       0
      Totals:        14       0       0       0       0       0       0       0       0
Total ram usage:       14 bytes
 Hardware stack levels used:    1
 This function calls:
		Nothing
 This function is called by:
		_HighISR
 This function uses a non-reentrant model



MODULE INFORMATION

Module		Function		Class		Link	Load	Size
EBsmartV1_2.c
		_GravarDadosNaE		CODE           	40BA	0000	495
		_EscreverDWINtr		CODE           	5194	0000	103
		_DelayDWIN     		CODE           	53EA	0000	43
		_AcionaValvulaM		CODE           	3A94	0000	917
		_LeDadosReceita		CODE           	261E	0000	1545
		_Inicializacao 		CODE           	5126	0000	111
		_ExecutaBrassag		CODE           	00D4	0000	7313
		_LowISR        		CODE           	0018	0000	185
		_AtualizaParamN		CODE           	3674	0000	1057
		_ResetaSaidas  		CODE           	42A8	0000	479
		_main          		CODE           	31D6	0000	1183
		_EscreverDWINre		CODE           	50B6	0000	113
		_EscreverDWINra		CODE           	5042	0000	117
		_ModoManual    		CODE           	2C26	0000	1457
		_AtualizaReceit		CODE           	4486	0000	477
		_ApagaReceitasD		CODE           	52FC	0000	67
		_LerDWINreg    		CODE           	4B5C	0000	205
		_LerDWINram    		CODE           	49B4	0000	217
		_GravaParamConf		CODE           	3E28	0000	659
		_Bipar         		CODE           	5428	0000	17
		_DelaySeg      		CODE           	52B0	0000	77
		_LeParamConfig 		CODE           	4662	0000	355
		_HighISR       		CODE           	0008	0000	2251
		_VerificaFalha 		CODE           	47C4	0000	275

EBsmartV1_2.c estimated size: 19718

C:\Program Files (x86)\Microchip\xc8\v1.34\sources\pic18\plib\EEP\read_B.c
		_Read_b_eep    		CODE           	5414	0000	21

C:\Program Files (x86)\Microchip\xc8\v1.34\sources\pic18\plib\EEP\read_B.c estimated size: 21

C:\Program Files (x86)\Microchip\xc8\v1.34\sources\common\Umul32.c
		___lmul        		CODE           	4FC8	0000	123

C:\Program Files (x86)\Microchip\xc8\v1.34\sources\common\Umul32.c estimated size: 123

C:\Program Files (x86)\Microchip\xc8\v1.34\sources\common\awmod.c
		___awmod       		CODE           	4CEE	0000	181

C:\Program Files (x86)\Microchip\xc8\v1.34\sources\common\awmod.c estimated size: 181

C:\Program Files (x86)\Microchip\xc8\v1.34\sources\pic18\plib\EEP\busy_eep.c
		_Busy_eep      		CODE           	5438	0000	9

C:\Program Files (x86)\Microchip\xc8\v1.34\sources\pic18\plib\EEP\busy_eep.c estimated size: 9

shared
		i2___lwdiv     		CODE           	51FA	0000	93
		i2___awdiv     		CODE           	4DA2	0000	151
		i2___lldiv     		CODE           	4E38	0000	141
		__initializatio		CODE           	53B6	0000	43
		i2___lmul      		CODE           	5256	0000	91
		i2___awmod     		CODE           	4F46	0000	131

shared estimated size: 650

C:\Program Files (x86)\Microchip\xc8\v1.34\sources\common\lwdiv.c
		___lwdiv       		CODE           	4EC4	0000	131

C:\Program Files (x86)\Microchip\xc8\v1.34\sources\common\lwdiv.c estimated size: 131

C:\Program Files (x86)\Microchip\xc8\v1.34\sources\common\awdiv.c
		___awdiv       		CODE           	4A8C	0000	209

C:\Program Files (x86)\Microchip\xc8\v1.34\sources\common\awdiv.c estimated size: 209

C:\Program Files (x86)\Microchip\xc8\v1.34\sources\common\lldiv.c
		___lldiv       		CODE           	4C28	0000	199

C:\Program Files (x86)\Microchip\xc8\v1.34\sources\common\lldiv.c estimated size: 199

C:\Program Files (x86)\Microchip\xc8\v1.34\sources\common\aldiv.c
		___aldiv       		CODE           	48D6	0000	223

C:\Program Files (x86)\Microchip\xc8\v1.34\sources\common\aldiv.c estimated size: 223

C:\Program Files (x86)\Microchip\xc8\v1.34\sources\common\Umul16.c
		___wmul        		CODE           	537E	0000	57

C:\Program Files (x86)\Microchip\xc8\v1.34\sources\common\Umul16.c estimated size: 57

C:\Program Files (x86)\Microchip\xc8\v1.34\sources\pic18\plib\EEP\write_B.c
		_Write_b_eep   		CODE           	533E	0000	65

C:\Program Files (x86)\Microchip\xc8\v1.34\sources\pic18\plib\EEP\write_B.c estimated size: 65

