Microchip MPLAB XC8 Compiler V1.34 ()

Linker command line:

--edf=C:\Program Files (x86)\Microchip\xc8\v1.34\dat\en_msgs.txt -cs \
  -h+dist/default/production\ManutSmartVesselControlBoard.X.production.sym \
  --cmf=dist/default/production\ManutSmartVesselControlBoard.X.production.cmf \
  -z -Q18F4550 -oC:\Users\Milton\AppData\Local\Temp\selo.6 \
  -Mdist/default/production/ManutSmartVesselControlBoard.X.production.map \
  -E1 -ver=XC8 -ASTACK=0112h-07ffh -pstack=STACK -ACODE=00h-07FFFh \
  -ACONST=00h-07FFFh -ASMALLCONST=0800h-08FFhx120 \
  -AMEDIUMCONST=0800h-07FFFh -ACOMRAM=01h-05Fh -AABS1=00h-07FFh \
  -ABIGRAM=01h-07FFh -ARAM=060h-0FFh,0100h-01FFhx7 -ABANK0=060h-0FFh \
  -ABANK1=0100h-01FFh -ABANK2=0200h-02FFh -ABANK3=0300h-03FFh \
  -ABANK4=0400h-04FFh -ABANK5=0500h-05FFh -ABANK6=0600h-06FFh \
  -ABANK7=0700h-07FFh -ASFR=0F60h-0FFFh \
  -preset_vec=00h,intcode=08h,intcodelo=018h,powerup,init,end_init \
  -pramtop=0800h -psmallconst=SMALLCONST -pmediumconst=MEDIUMCONST \
  -pconst=CONST -AFARRAM=00h-00h -ACONFIG=0300000h-030000Dh -pconfig=CONFIG \
  -AIDLOC=0200000h-0200007h -pidloc=IDLOC -AEEDATA=0F00000h-0F000FFh \
  -peeprom_data=EEDATA \
  -prdata=COMRAM,nvrram=COMRAM,nvbit=COMRAM,rbss=COMRAM,rbit=COMRAM \
  -pfarbss=FARRAM,fardata=FARRAM,nvFARRAM=FARRAM \
  -pintsave_regs=BIGRAM,bigbss=BIGRAM,bigdata=BIGRAM -pbss=RAM \
  -pidata=CODE,irdata=CODE,ibigdata=CODE,ifardata=CODE -prparam=COMRAM \
  C:\Users\Milton\AppData\Local\Temp\selo.obj \
  dist/default/production\ManutSmartVesselControlBoard.X.production.obj 

Object code version is 3.11

Machine type is 18F4550

Call graph: (short form)




                Name                               Link     Load   Length Selector   Space Scale
C:\Users\Milton\AppData\Local\Temp\selo.obj
                end_init                            154      154        4        C       0
                reset_vec                             0        0        4        0       0
                idloc                            200000   200000        8   200000       0
                config                           300000   300000        E   300000       0
dist/default/production\ManutSmartVesselControlBoard.X.production.obj
                intcodelo                            18       18      13C        C       0
                intcode                               8        8       10        4       0
                text10                             133A     133A       5C        C       0
                intcode_body                        CD8      CD8      358        C       0
                text7                              1420     1420        A        C       0
                text6                              13DA     13DA       2A        C       0
                text5                              1256     1256       74        C       0
                text4                              12CA     12CA       70        C       0
                text3                              11BC     11BC       9A        C       0
                text2                              1030     1030       CC        C       0
                text1                              10FC     10FC       C0        C       0
                text0                               158      158      B80        C       0
                cstackCOMRAM                         29       29       1B        1       1
                cstackBANK0                          E0       E0       10       60       1
                cstackBANK1                         100      100       12      100       1
                dataBANK0                            C4       C4       1C       60       1
                bssBANK0                             60       60       64       60       1
                bssCOMRAM                             1        1       28        1       1
                bitbssCOMRAM                        220       44        5        1       1     8
                cinit                              1396     1396       44        C       0
                idataBANK0                         1404     1404       1C        C       0

TOTAL           Name                               Link     Load   Length     Space
        CLASS   STACK          

        CLASS   CODE           
                end_init                            154      154        4         0
                intcodelo                            18       18      13C         0
                intcode                               8        8       10         0
                reset_vec                             0        0        4         0
                text10                             133A     133A       5C         0
                intcode_body                        CD8      CD8      358         0
                text7                              1420     1420        A         0
                text6                              13DA     13DA       2A         0
                text5                              1256     1256       74         0
                text4                              12CA     12CA       70         0
                text3                              11BC     11BC       9A         0
                text2                              1030     1030       CC         0
                text1                              10FC     10FC       C0         0
                text0                               158      158      B80         0
                cinit                              1396     1396       44         0
                idataBANK0                         1404     1404       1C         0

        CLASS   CONST          

        CLASS   SMALLCONST     

        CLASS   MEDIUMCONST    

        CLASS   COMRAM         
                cstackCOMRAM                         29       29       1B         1
                bssCOMRAM                             1        1       28         1
                bitbssCOMRAM                        220       44        5         1

        CLASS   ABS1           

        CLASS   BIGRAM         

        CLASS   RAM            

        CLASS   BANK0          
                cstackBANK0                          E0       E0       10         1
                dataBANK0                            C4       C4       1C         1
                bssBANK0                             60       60       64         1

        CLASS   BANK1          
                cstackBANK1                         100      100       12         1

        CLASS   BANK2          

        CLASS   BANK3          

        CLASS   BANK4          

        CLASS   BANK5          

        CLASS   BANK6          

        CLASS   BANK7          

        CLASS   SFR            

        CLASS   FARRAM         

        CLASS   CONFIG         
                config                           300000   300000        E         0

        CLASS   IDLOC          
                idloc                            200000   200000        8         0

        CLASS   EEDATA         



SEGMENTS        Name                           Load    Length   Top    Selector   Space  Class

                reset_vec                      000000  000004  000004         0       0  CODE    
                bssCOMRAM                      000001  000044  000045         1       1  COMRAM  
                intcode                        000008  000010  000018         4       0  CODE    
                intcodelo                      000018  001412  00142A         C       0  CODE    
                bssBANK0                       000060  000090  0000F0        60       1  BANK0   
                cstackBANK1                    000100  000012  000112       100       1  BANK1   
                idloc                          200000  000008  200008    200000       0  IDLOC   
                config                         300000  00000E  30000E    300000       0  CONFIG  


UNUSED ADDRESS RANGES

        Name                Unused          Largest block    Delta
        BANK0            0000F0-0000FF               10
        BANK1            000112-0001FF               EE
        BANK2            000200-0002FF              100
        BANK3            000300-0003FF              100
        BANK4            000400-0004FF              100
        BANK5            000500-0005FF              100
        BANK6            000600-0006FF              100
        BANK7            000700-0007FF              100
        BIGRAM           000045-00005F               1B
                         0000F0-0000FF               10
                         000112-0007FF              6EE
        CODE             000004-000007                4
                         00142A-007FFF             6BD6
        COMRAM           000045-00005F               1B
        CONST            000004-000007                4
                         00142A-007FFF             6BD6
        EEDATA           F00000-F000FF              100
        MEDIUMCONST      00142A-007FFF             6BD6
        RAM              0000F0-0000FF               10
                         000112-0007FF              100
        SFR              000F60-000FFF               A0
        SMALLCONST       00142A-007FFF              100
        STACK            000112-0007FF              6EE

                                  Symbol Table

?_LerDWINram                 cstackBANK1  000102
?_LerDWINreg                 cstackBANK1  000102
?___lwdiv                    cstackCOMRAM 00003A
DelayDWIN@cont               cstackBANK1  000101
EscreverDWINram@cont         cstackBANK1  000106
EscreverDWINram@endereco     cstackBANK1  000102
EscreverDWINram@valor        cstackBANK1  000104
EscreverDWINreg@cont         cstackBANK1  000105
EscreverDWINreg@endereco     cstackBANK1  000104
EscreverDWINreg@valor        cstackBANK1  000102
HighISR@AccValoresAD         bssCOMRAM    000001
HighISR@CanalAD              bssCOMRAM    000023
HighISR@ContMedia            bssCOMRAM    000024
HighISR@EstadoAD             bssCOMRAM    000025
HighISR@Temp16               cstackCOMRAM 000041
HighISR@Temp8                cstackCOMRAM 000043
HighISR@ValoresADanteriores1 bssCOMRAM    000009
HighISR@ValoresADanteriores2 bssCOMRAM    000011
HighISR@ValoresADanteriores3 bssBANK0     0000B0
LerDWINram@VPrecebido        cstackBANK1  000104
LerDWINram@cont              cstackBANK1  000106
LerDWINram@endereco          cstackBANK1  000102
LerDWINreg@cont              cstackBANK1  000106
LerDWINreg@endereco          cstackBANK1  000104
LerDWINreg@recebido          cstackBANK1  000105
LowISR@Indice                bssCOMRAM    000026
_ADCON0                      (abs)        000FC2
_ADCON0bits                  (abs)        000FC2
_ADCON1                      (abs)        000FC1
_ADCON2                      (abs)        000FC0
_ADRESH                      (abs)        000FC4
_ADRESL                      (abs)        000FC3
_BAUDCONbits                 (abs)        000FB8
_CCP2CON                     (abs)        000FBA
_CCPR2L                      (abs)        000FBB
_CMCON                       (abs)        000FB4
_CiclarOUT1                  text7        001420
_DelayDWIN                   text6        0013DA
_DiaDaSemana                 bssBANK0     0000BC
_EscreverDWINram             text5        001256
_EscreverDWINreg             text4        0012CA
_EstadoMain                  bssBANK0     0000BD
_HLVDCON                     (abs)        000FD2
_HLVDCONbits                 (abs)        000FD2
_HighISR                     intcode      000008
_IN0                         bitbssCOMRAM 000220
_IN1                         bitbssCOMRAM 000221
_INTCON2bits                 (abs)        000FF1
_INTCONbits                  (abs)        000FF2
_IPR1bits                    (abs)        000F9F
_IPR2bits                    (abs)        000FA2
_Inicializacao               text3        0011BC
_Inputs10to17                bssBANK0     0000BE
_Inputs18to25                bssBANK0     0000BF
_Inputs2to9                  bssBANK0     0000C0
_LerDWINram                  text2        001030
_LerDWINreg                  text1        0010FC
_LowISR                      intcodelo    000018
_MinutosDia                  bssCOMRAM    000021
_OUT0                        bitbssCOMRAM 000222
_OUT1                        bitbssCOMRAM 000223
_Outputs10to17               bssCOMRAM    000027
_Outputs2to9                 bssCOMRAM    000028
_PIE1bits                    (abs)        000F9D
_PIE2bits                    (abs)        000FA0
_PIR1bits                    (abs)        000F9E
_PIR2bits                    (abs)        000FA1
_PORTA                       (abs)        000F80
_PORTAbits                   (abs)        000F80
_PORTB                       (abs)        000F81
_PORTBbits                   (abs)        000F81
_PORTC                       (abs)        000F82
_PORTCbits                   (abs)        000F82
_PORTD                       (abs)        000F83
_PORTE                       (abs)        000F84
_POWER_FAULT                 bitbssCOMRAM 000224
_PR2                         (abs)        000FCB
_PressaommCA                 bssBANK0     0000B8
_RCONbits                    (abs)        000FD0
_RCREG                       (abs)        000FAE
_RCSTAbits                   (abs)        000FAB
_SPBRG                       (abs)        000FAF
_SPBRGH                      (abs)        000FB0
_SerialIn                    bssBANK0     000060
_SerialOut                   bssBANK0     000088
_StrDiasDaSemana             dataBANK0    0000C4
_T0CON                       (abs)        000FD5
_T1CONbits                   (abs)        000FCD
_T2CON                       (abs)        000FCA
_TMR0L                       (abs)        000FD6
_TMR1H                       (abs)        000FCF
_TMR1L                       (abs)        000FCE
_TRISA                       (abs)        000F92
_TRISB                       (abs)        000F93
_TRISC                       (abs)        000F94
_TRISD                       (abs)        000F95
_TRISE                       (abs)        000F96
_TXREG                       (abs)        000FAD
_TXSTAbits                   (abs)        000FAC
_ValoresAD                   bssCOMRAM    000019
__CFG_BOR$OFF                (abs)        000000
__CFG_BORV$3                 (abs)        000000
__CFG_CCP2MX$OFF             (abs)        000000
__CFG_CP0$OFF                (abs)        000000
__CFG_CP1$OFF                (abs)        000000
__CFG_CP2$OFF                (abs)        000000
__CFG_CP3$OFF                (abs)        000000
__CFG_CPB$OFF                (abs)        000000
__CFG_CPD$OFF                (abs)        000000
__CFG_CPUDIV$OSC1_PLL2       (abs)        000000
__CFG_EBTR0$OFF              (abs)        000000
__CFG_EBTR1$OFF              (abs)        000000
__CFG_EBTR2$OFF              (abs)        000000
__CFG_EBTR3$OFF              (abs)        000000
__CFG_EBTRB$OFF              (abs)        000000
__CFG_FCMEN$OFF              (abs)        000000
__CFG_FOSC$HS                (abs)        000000
__CFG_IESO$OFF               (abs)        000000
__CFG_LPT1OSC$OFF            (abs)        000000
__CFG_LVP$OFF                (abs)        000000
__CFG_MCLRE$ON               (abs)        000000
__CFG_PBADEN$OFF             (abs)        000000
__CFG_PLLDIV$1               (abs)        000000
__CFG_PWRT$OFF               (abs)        000000
__CFG_STVREN$OFF             (abs)        000000
__CFG_USBDIV$1               (abs)        000000
__CFG_VREGEN$OFF             (abs)        000000
__CFG_WDT$OFF                (abs)        000000
__CFG_WDTPS$32768            (abs)        000000
__CFG_WRT0$OFF               (abs)        000000
__CFG_WRT1$OFF               (abs)        000000
__CFG_WRT2$OFF               (abs)        000000
__CFG_WRT3$OFF               (abs)        000000
__CFG_WRTB$OFF               (abs)        000000
__CFG_WRTC$OFF               (abs)        000000
__CFG_WRTD$OFF               (abs)        000000
__CFG_XINST$OFF              (abs)        000000
__HRAM                       (abs)        000000
__Habs1                      abs1         000000
__Hbank0                     bank0        000000
__Hbank1                     bank1        000000
__Hbank2                     bank2        000000
__Hbank3                     bank3        000000
__Hbank4                     bank4        000000
__Hbank5                     bank5        000000
__Hbank6                     bank6        000000
__Hbank7                     bank7        000000
__Hbigbss                    bigbss       000000
__Hbigdata                   bigdata      000000
__Hbigram                    bigram       000000
__HbitbssCOMRAM              bitbssCOMRAM 000000
__Hbss                       bss          000000
__HbssBANK0                  bssBANK0     000000
__HbssCOMRAM                 bssCOMRAM    000000
__Hcinit                     cinit        000000
__Hclrtext                   clrtext      000000
__Hcomram                    comram       000000
__Hconfig                    config       30000E
__Hconst                     const        000000
__HcstackBANK0               cstackBANK0  000000
__HcstackBANK1               cstackBANK1  000000
__HcstackCOMRAM              cstackCOMRAM 000000
__Hdata                      data         000000
__HdataBANK0                 dataBANK0    000000
__Heeprom_data               eeprom_data  000000
__Hend_init                  end_init     000158
__Hfarbss                    farbss       000000
__Hfardata                   fardata      000000
__Hibigdata                  ibigdata     000000
__Hidata                     idata        000000
__HidataBANK0                idataBANK0   000000
__Hidloc                     idloc        200008
__Hifardata                  ifardata     000000
__Hinit                      init         000154
__Hintcode                   intcode      000018
__Hintcode_body              intcode_body 000000
__Hintcodelo                 intcodelo    000154
__Hintentry                  intentry     000000
__Hintret                    intret       000000
__Hintsave_regs              intsave_regs 000000
__Hirdata                    irdata       000000
__Hmediumconst               mediumconst  000000
__HnvFARRAM                  nvFARRAM     000000
__Hnvbit                     nvbit        000000
__Hnvrram                    nvrram       000000
__Hparam                     rparam       000000
__Hpowerup                   powerup      000154
__Hram                       ram          000000
__Hramtop                    ramtop       000800
__Hrbit                      rbit         000000
__Hrbss                      rbss         000000
__Hrdata                     rdata        000000
__Hreset_vec                 reset_vec    000004
__Hrparam                    rparam       000000
__Hsfr                       sfr          000000
__Hsmallconst                smallconst   000000
__Hspace_0                   (abs)        30000E
__Hspace_1                   (abs)        000225
__Hspace_2                   (abs)        000000
__Hstack                     stack        000000
__Hstruct                    struct       000000
__Htemp                      temp         000000
__Htext                      text         000000
__Htext0                     text0        000000
__Htext1                     text1        000000
__Htext10                    text10       000000
__Htext2                     text2        000000
__Htext3                     text3        000000
__Htext4                     text4        000000
__Htext5                     text5        000000
__Htext6                     text6        000000
__Htext7                     text7        000000
__LRAM                       (abs)        000001
__Labs1                      abs1         000000
__Lbank0                     bank0        000000
__Lbank1                     bank1        000000
__Lbank2                     bank2        000000
__Lbank3                     bank3        000000
__Lbank4                     bank4        000000
__Lbank5                     bank5        000000
__Lbank6                     bank6        000000
__Lbank7                     bank7        000000
__Lbigbss                    bigbss       000000
__Lbigdata                   bigdata      000000
__Lbigram                    bigram       000000
__LbitbssCOMRAM              bitbssCOMRAM 000000
__Lbss                       bss          000000
__LbssBANK0                  bssBANK0     000000
__LbssCOMRAM                 bssCOMRAM    000000
__Lcinit                     cinit        000000
__Lclrtext                   clrtext      000000
__Lcomram                    comram       000000
__Lconfig                    config       300000
__Lconst                     const        000000
__LcstackBANK0               cstackBANK0  000000
__LcstackBANK1               cstackBANK1  000000
__LcstackCOMRAM              cstackCOMRAM 000000
__Ldata                      data         000000
__LdataBANK0                 dataBANK0    000000
__Leeprom_data               eeprom_data  000000
__Lend_init                  end_init     000154
__Lfarbss                    farbss       000000
__Lfardata                   fardata      000000
__Libigdata                  ibigdata     000000
__Lidata                     idata        000000
__LidataBANK0                idataBANK0   000000
__Lidloc                     idloc        200000
__Lifardata                  ifardata     000000
__Linit                      init         000154
__Lintcode                   intcode      000008
__Lintcode_body              intcode_body 000000
__Lintcodelo                 intcodelo    000018
__Lintentry                  intentry     000000
__Lintret                    intret       000000
__Lintsave_regs              intsave_regs 000000
__Lirdata                    irdata       000000
__Lmediumconst               mediumconst  000000
__LnvFARRAM                  nvFARRAM     000000
__Lnvbit                     nvbit        000000
__Lnvrram                    nvrram       000000
__Lparam                     rparam       000000
__Lpowerup                   powerup      000154
__Lram                       ram          000000
__Lramtop                    ramtop       000800
__Lrbit                      rbit         000000
__Lrbss                      rbss         000000
__Lrdata                     rdata        000000
__Lreset_vec                 reset_vec    000000
__Lrparam                    rparam       000000
__Lsfr                       sfr          000000
__Lsmallconst                smallconst   000000
__Lspace_0                   (abs)        000000
__Lspace_1                   (abs)        000000
__Lspace_2                   (abs)        000000
__Lstack                     stack        000000
__Lstruct                    struct       000000
__Ltemp                      temp         000000
__Ltext                      text         000000
__Ltext0                     text0        000000
__Ltext1                     text1        000000
__Ltext10                    text10       000000
__Ltext2                     text2        000000
__Ltext3                     text3        000000
__Ltext4                     text4        000000
__Ltext5                     text5        000000
__Ltext6                     text6        000000
__Ltext7                     text7        000000
__S0                         (abs)        30000E
__S1                         (abs)        000112
__S2                         (abs)        000000
___inthi_sp                  stack        000000
___intlo_sp                  stack        000000
___lwdiv                     text10       00133A
___lwdiv@counter             cstackCOMRAM 000040
___lwdiv@dividend            cstackCOMRAM 00003A
___lwdiv@divisor             cstackCOMRAM 00003C
___lwdiv@quotient            cstackCOMRAM 00003E
___param_bank                (abs)        000010
___rparam_used               (abs)        000001
___sp                        stack        000000
__accesstop                  (abs)        000060
__activetblptr               (abs)        000002
__end_of_CiclarOUT1          text7        00142A
__end_of_DelayDWIN           text6        001404
__end_of_EscreverDWINram     text5        0012CA
__end_of_EscreverDWINreg     text4        00133A
__end_of_HighISR             intcode_body 001030
__end_of_Inicializacao       text3        001256
__end_of_LerDWINram          text2        0010FC
__end_of_LerDWINreg          text1        0011BC
__end_of_LowISR              intcodelo    000154
__end_of___lwdiv             text10       001396
__end_of__initialization     cinit        0013D0
__end_of_main                text0        000CD8
__initialization             cinit        001396
__mediumconst                mediumconst  000000
__pbitbssCOMRAM              bitbssCOMRAM 000220
__pbssBANK0                  bssBANK0     000060
__pbssCOMRAM                 bssCOMRAM    000001
__pcinit                     cinit        001396
__pcstackBANK0               cstackBANK0  0000E0
__pcstackBANK1               cstackBANK1  000100
__pcstackCOMRAM              cstackCOMRAM 000029
__pdataBANK0                 dataBANK0    0000C4
__pidataBANK0                idataBANK0   001404
__pintcode                   intcode      000008
__pintcode_body              intcode_body 000CD8
__pintcodelo                 intcodelo    000018
__ptext0                     text0        000158
__ptext1                     text1        0010FC
__ptext10                    text10       00133A
__ptext2                     text2        001030
__ptext3                     text3        0011BC
__ptext4                     text4        0012CA
__ptext5                     text5        001256
__ptext6                     text6        0013DA
__ptext7                     text7        001420
__ramtop                     ramtop       000800
__size_of_CiclarOUT1         (abs)        000000
__size_of_DelayDWIN          (abs)        000000
__size_of_EscreverDWINram    (abs)        000000
__size_of_EscreverDWINreg    (abs)        000000
__size_of_HighISR            (abs)        000000
__size_of_Inicializacao      (abs)        000000
__size_of_LerDWINram         (abs)        000000
__size_of_LerDWINreg         (abs)        000000
__size_of_LowISR             (abs)        000000
__size_of___lwdiv            (abs)        000000
__size_of_main               (abs)        000000
__smallconst                 smallconst   000000
_horas                       bssBANK0     0000C1
_main                        text0        000158
_minutos                     bssBANK0     0000C2
_segundos                    bssBANK0     0000C3
end_of_initialization        cinit        0013D0
int_func                     intcode_body 000CD8
intlevel0                    text         000000
intlevel1                    text         000000
intlevel2                    text         000000
intlevel3                    text         000000
main@TelaAtual               cstackBANK1  000111
main@aumenta                 cstackBANK1  00010B
main@diminui                 cstackBANK1  000109
main@imagem                  cstackBANK1  00010D
main@temp                    cstackBANK1  00010F
stackhi                      (abs)        0007FF
stacklo                      (abs)        000112
start                        init         000154
start_initialization         cinit        001396


FUNCTION INFORMATION:

 *************** function _main *****************
 Defined at:
		line 515 in file "main.c"
 Parameters:    Size  Location     Type
		None
 Auto vars:     Size  Location     Type
  temp            2   15[BANK1 ] unsigned int 
  imagem          2   13[BANK1 ] unsigned int 
  aumenta         2   11[BANK1 ] unsigned int 
  diminui         2    9[BANK1 ] unsigned int 
  TelaAtual       1   17[BANK1 ] unsigned char 
 Return value:  Size  Location     Type
		None               void
 Registers used:
		wreg, fsr2l, fsr2h, status,2, status,0, prodl, prodh, cstack
 Tracked objects:
		On entry : 
		On exit  : 
		Unchanged: 
 Data sizes:     COMRAM   BANK0   BANK1   BANK2   BANK3   BANK4   BANK5   BANK6   BANK7
      Params:         0       0       0       0       0       0       0       0       0
      Locals:         0       0       9       0       0       0       0       0       0
      Temps:          0       0       2       0       0       0       0       0       0
      Totals:         0       0      11       0       0       0       0       0       0
Total ram usage:       11 bytes
 Hardware stack levels required when called:    5
 This function calls:
		_CiclarOUT1
		_DelayDWIN
		_EscreverDWINram
		_EscreverDWINreg
		_Inicializacao
		_LerDWINram
		_LerDWINreg
 This function is called by:
		Startup code after reset
 This function uses a non-reentrant model


 *************** function _LerDWINreg *****************
 Defined at:
		line 477 in file "main.c"
 Parameters:    Size  Location     Type
  endereco        1    wreg     unsigned char 
 Auto vars:     Size  Location     Type
  endereco        1    4[BANK1 ] unsigned char 
  cont            1    6[BANK1 ] unsigned char 
  recebido        1    5[BANK1 ] unsigned char 
 Return value:  Size  Location     Type
                  2    2[BANK1 ] int 
 Registers used:
		wreg, fsr2l, fsr2h, status,2, status,0, prodl, prodh, cstack
 Tracked objects:
		On entry : 
		On exit  : 
		Unchanged: 
 Data sizes:     COMRAM   BANK0   BANK1   BANK2   BANK3   BANK4   BANK5   BANK6   BANK7
      Params:         0       0       2       0       0       0       0       0       0
      Locals:         0       0       3       0       0       0       0       0       0
      Temps:          0       0       0       0       0       0       0       0       0
      Totals:         0       0       5       0       0       0       0       0       0
Total ram usage:        5 bytes
 Hardware stack levels used:    1
 Hardware stack levels required when called:    4
 This function calls:
		_DelayDWIN
 This function is called by:
		_main
 This function uses a non-reentrant model


 *************** function _LerDWINram *****************
 Defined at:
		line 439 in file "main.c"
 Parameters:    Size  Location     Type
  endereco        2    2[BANK1 ] unsigned int 
 Auto vars:     Size  Location     Type
  VPrecebido      2    4[BANK1 ] unsigned int 
  cont            1    6[BANK1 ] unsigned char 
 Return value:  Size  Location     Type
                  2    2[BANK1 ] int 
 Registers used:
		wreg, fsr2l, fsr2h, status,2, status,0, prodl, prodh, cstack
 Tracked objects:
		On entry : 
		On exit  : 
		Unchanged: 
 Data sizes:     COMRAM   BANK0   BANK1   BANK2   BANK3   BANK4   BANK5   BANK6   BANK7
      Params:         0       0       2       0       0       0       0       0       0
      Locals:         0       0       3       0       0       0       0       0       0
      Temps:          0       0       0       0       0       0       0       0       0
      Totals:         0       0       5       0       0       0       0       0       0
Total ram usage:        5 bytes
 Hardware stack levels used:    1
 Hardware stack levels required when called:    4
 This function calls:
		_DelayDWIN
 This function is called by:
		_main
 This function uses a non-reentrant model


 *************** function _Inicializacao *****************
 Defined at:
		line 312 in file "main.c"
 Parameters:    Size  Location     Type
		None
 Auto vars:     Size  Location     Type
		None
 Return value:  Size  Location     Type
		None               void
 Registers used:
		wreg, status,2
 Tracked objects:
		On entry : 
		On exit  : 
		Unchanged: 
 Data sizes:     COMRAM   BANK0   BANK1   BANK2   BANK3   BANK4   BANK5   BANK6   BANK7
      Params:         0       0       0       0       0       0       0       0       0
      Locals:         0       0       0       0       0       0       0       0       0
      Temps:          0       0       0       0       0       0       0       0       0
      Totals:         0       0       0       0       0       0       0       0       0
Total ram usage:        0 bytes
 Hardware stack levels used:    1
 Hardware stack levels required when called:    3
 This function calls:
		Nothing
 This function is called by:
		_main
 This function uses a non-reentrant model


 *************** function _EscreverDWINreg *****************
 Defined at:
		line 413 in file "main.c"
 Parameters:    Size  Location     Type
  endereco        1    wreg     unsigned char 
  valor           2    2[BANK1 ] int 
 Auto vars:     Size  Location     Type
  endereco        1    4[BANK1 ] unsigned char 
  cont            1    5[BANK1 ] unsigned char 
 Return value:  Size  Location     Type
		None               void
 Registers used:
		wreg, fsr2l, fsr2h, status,2, status,0, prodl, prodh, cstack
 Tracked objects:
		On entry : 
		On exit  : 
		Unchanged: 
 Data sizes:     COMRAM   BANK0   BANK1   BANK2   BANK3   BANK4   BANK5   BANK6   BANK7
      Params:         0       0       2       0       0       0       0       0       0
      Locals:         0       0       2       0       0       0       0       0       0
      Temps:          0       0       0       0       0       0       0       0       0
      Totals:         0       0       4       0       0       0       0       0       0
Total ram usage:        4 bytes
 Hardware stack levels used:    1
 Hardware stack levels required when called:    4
 This function calls:
		_DelayDWIN
 This function is called by:
		_main
 This function uses a non-reentrant model


 *************** function _EscreverDWINram *****************
 Defined at:
		line 385 in file "main.c"
 Parameters:    Size  Location     Type
  endereco        2    2[BANK1 ] unsigned int 
  valor           2    4[BANK1 ] int 
 Auto vars:     Size  Location     Type
  cont            1    6[BANK1 ] unsigned char 
 Return value:  Size  Location     Type
		None               void
 Registers used:
		wreg, fsr2l, fsr2h, status,2, status,0, prodl, prodh, cstack
 Tracked objects:
		On entry : 
		On exit  : 
		Unchanged: 
 Data sizes:     COMRAM   BANK0   BANK1   BANK2   BANK3   BANK4   BANK5   BANK6   BANK7
      Params:         0       0       4       0       0       0       0       0       0
      Locals:         0       0       1       0       0       0       0       0       0
      Temps:          0       0       0       0       0       0       0       0       0
      Totals:         0       0       5       0       0       0       0       0       0
Total ram usage:        5 bytes
 Hardware stack levels used:    1
 Hardware stack levels required when called:    4
 This function calls:
		_DelayDWIN
 This function is called by:
		_main
 This function uses a non-reentrant model


 *************** function _DelayDWIN *****************
 Defined at:
		line 130 in file "main.c"
 Parameters:    Size  Location     Type
		None
 Auto vars:     Size  Location     Type
  cont            1    1[BANK1 ] unsigned char 
 Return value:  Size  Location     Type
		None               void
 Registers used:
		wreg, status,2, status,0
 Tracked objects:
		On entry : 
		On exit  : 
		Unchanged: 
 Data sizes:     COMRAM   BANK0   BANK1   BANK2   BANK3   BANK4   BANK5   BANK6   BANK7
      Params:         0       0       0       0       0       0       0       0       0
      Locals:         0       0       1       0       0       0       0       0       0
      Temps:          0       0       1       0       0       0       0       0       0
      Totals:         0       0       2       0       0       0       0       0       0
Total ram usage:        2 bytes
 Hardware stack levels used:    1
 Hardware stack levels required when called:    3
 This function calls:
		Nothing
 This function is called by:
		_EscreverDWINram
		_EscreverDWINreg
		_LerDWINram
		_LerDWINreg
		_main
 This function uses a non-reentrant model


 *************** function _CiclarOUT1 *****************
 Defined at:
		line 122 in file "main.c"
 Parameters:    Size  Location     Type
		None
 Auto vars:     Size  Location     Type
		None
 Return value:  Size  Location     Type
		None               void
 Registers used:
		None
 Tracked objects:
		On entry : 
		On exit  : 
		Unchanged: 
 Data sizes:     COMRAM   BANK0   BANK1   BANK2   BANK3   BANK4   BANK5   BANK6   BANK7
      Params:         0       0       0       0       0       0       0       0       0
      Locals:         0       0       0       0       0       0       0       0       0
      Temps:          0       0       0       0       0       0       0       0       0
      Totals:         0       0       0       0       0       0       0       0       0
Total ram usage:        0 bytes
 Hardware stack levels used:    1
 Hardware stack levels required when called:    3
 This function calls:
		Nothing
 This function is called by:
		_main
 This function uses a non-reentrant model


 *************** function _LowISR *****************
 Defined at:
		line 264 in file "main.c"
 Parameters:    Size  Location     Type
		None
 Auto vars:     Size  Location     Type
		None
 Return value:  Size  Location     Type
		None               void
 Registers used:
		wreg, fsr2l, fsr2h, status,2, status,0, prodl, prodh
 Tracked objects:
		On entry : 
		On exit  : 
		Unchanged: 
 Data sizes:     COMRAM   BANK0   BANK1   BANK2   BANK3   BANK4   BANK5   BANK6   BANK7
      Params:         0       0       0       0       0       0       0       0       0
      Locals:         0       0       0       0       0       0       0       0       0
      Temps:         17       0       0       0       0       0       0       0       0
      Totals:        17       0       0       0       0       0       0       0       0
Total ram usage:       17 bytes
 Hardware stack levels used:    1
 Hardware stack levels required when called:    2
 This function calls:
		Nothing
 This function is called by:
		Interrupt level 1
 This function uses a non-reentrant model


 *************** function _HighISR *****************
 Defined at:
		line 140 in file "main.c"
 Parameters:    Size  Location     Type
		None
 Auto vars:     Size  Location     Type
  Temp16          2   24[COMRAM] unsigned int 
  Temp8           1   26[COMRAM] unsigned char 
 Return value:  Size  Location     Type
		None               void
 Registers used:
		wreg, fsr1l, fsr1h, fsr2l, fsr2h, status,2, status,0, prodl, prodh, cstack
 Tracked objects:
		On entry : 
		On exit  : 
		Unchanged: 
 Data sizes:     COMRAM   BANK0   BANK1   BANK2   BANK3   BANK4   BANK5   BANK6   BANK7
      Params:         0       0       0       0       0       0       0       0       0
      Locals:         3       0       0       0       0       0       0       0       0
      Temps:          0      16       0       0       0       0       0       0       0
      Totals:         3      16       0       0       0       0       0       0       0
Total ram usage:       19 bytes
 Hardware stack levels used:    1
 Hardware stack levels required when called:    1
 This function calls:
		___lwdiv
 This function is called by:
		Interrupt level 2
 This function uses a non-reentrant model


 *************** function ___lwdiv *****************
 Defined at:
		line 8 in file "C:\Program Files (x86)\Microchip\xc8\v1.34\sources\common\lwdiv.c"
 Parameters:    Size  Location     Type
  dividend        2   17[COMRAM] unsigned int 
  divisor         2   19[COMRAM] unsigned int 
 Auto vars:     Size  Location     Type
  quotient        2   21[COMRAM] unsigned int 
  counter         1   23[COMRAM] unsigned char 
 Return value:  Size  Location     Type
                  2   17[COMRAM] unsigned int 
 Registers used:
		wreg, status,2, status,0
 Tracked objects:
		On entry : 
		On exit  : 
		Unchanged: 
 Data sizes:     COMRAM   BANK0   BANK1   BANK2   BANK3   BANK4   BANK5   BANK6   BANK7
      Params:         4       0       0       0       0       0       0       0       0
      Locals:         3       0       0       0       0       0       0       0       0
      Temps:          0       0       0       0       0       0       0       0       0
      Totals:         7       0       0       0       0       0       0       0       0
Total ram usage:        7 bytes
 Hardware stack levels used:    1
 This function calls:
		Nothing
 This function is called by:
		_HighISR
 This function uses a non-reentrant model



MODULE INFORMATION

Module		Function		Class		Link	Load	Size
shared
		__initializatio		CODE           	1396	0000	59

shared estimated size: 59

C:\Program Files (x86)\Microchip\xc8\v1.34\sources\common\lwdiv.c
		___lwdiv       		CODE           	133A	0000	93

C:\Program Files (x86)\Microchip\xc8\v1.34\sources\common\lwdiv.c estimated size: 93

main.c
		_DelayDWIN     		CODE           	13DA	0000	43
		_Inicializacao 		CODE           	11BC	0000	155
		_LowISR        		CODE           	0018	0000	317
		_main          		CODE           	0158	0000	2945
		_EscreverDWINre		CODE           	12CA	0000	113
		_EscreverDWINra		CODE           	1256	0000	117
		_LerDWINreg    		CODE           	10FC	0000	193
		_LerDWINram    		CODE           	1030	0000	205
		_CiclarOUT1    		CODE           	1420	0000	11
		_HighISR       		CODE           	0008	0000	873

main.c estimated size: 4972

